../Core/Src/main.c:88:5:main	72	static
../Core/Src/main.c:188:6:SystemClock_Config	88	static
../Core/Src/main.c:235:13:MX_I2C1_Init	8	static
../Core/Src/main.c:269:13:MX_TIM2_Init	48	static
../Core/Src/main.c:330:13:MX_TIM3_Init	32	static
../Core/Src/main.c:378:13:MX_TIM4_Init	32	static
../Core/Src/main.c:421:13:MX_DMA_Init	16	static
../Core/Src/main.c:439:13:MX_GPIO_Init	24	static
../Core/Src/main.c:466:6:StartPIDTask	16	static
../Core/Src/main.c:485:6:StartRCTask	16	static
../Core/Src/main.c:507:6:HAL_TIM_PeriodElapsedCallback	16	static
../Core/Src/main.c:529:6:Error_Handler	4	static,ignoring_inline_asm
