../Core/Src/main.c:89:5:main	80	static
../Core/Src/main.c:248:6:SystemClock_Config	88	static
../Core/Src/main.c:292:13:MX_I2C1_Init	8	static
../Core/Src/main.c:323:13:MX_TIM2_Init	48	static
../Core/Src/main.c:376:13:MX_TIM3_Init	32	static
../Core/Src/main.c:419:13:MX_TIM4_Init	32	static
../Core/Src/main.c:457:13:MX_DMA_Init	16	static
../Core/Src/main.c:473:13:MX_GPIO_Init	24	static
../Core/Src/main.c:499:6:StartPIDTask	16	static
../Core/Src/main.c:524:6:StartRCTask	16	static
../Core/Src/main.c:546:6:HAL_TIM_PeriodElapsedCallback	16	static
../Core/Src/main.c:566:6:Error_Handler	4	static,ignoring_inline_asm
