../TraceRecorderSource/trcEvent.c:150:13:xTraceEventInitialize	24	static
../TraceRecorderSource/trcEvent.c:169:13:xTraceEventCreate0	48	static,ignoring_inline_asm
../TraceRecorderSource/trcEvent.c:182:13:xTraceEventCreate1	48	static,ignoring_inline_asm
../TraceRecorderSource/trcEvent.c:198:13:xTraceEventCreate2	56	static,ignoring_inline_asm
../TraceRecorderSource/trcEvent.c:214:13:xTraceEventCreate3	56	static,ignoring_inline_asm
../TraceRecorderSource/trcEvent.c:230:13:xTraceEventCreate4	56	static,ignoring_inline_asm
../TraceRecorderSource/trcEvent.c:246:13:xTraceEventCreate5	56	static,ignoring_inline_asm
../TraceRecorderSource/trcEvent.c:262:13:xTraceEventCreate6	56	static,ignoring_inline_asm
../TraceRecorderSource/trcEvent.c:278:13:xTraceEventCreateRawBlocking	40	static,ignoring_inline_asm
../TraceRecorderSource/trcEvent.c:301:13:xTraceEventCreateDataOffline0	56	static,ignoring_inline_asm
../TraceRecorderSource/trcEvent.c:324:13:xTraceEventCreateData0	56	static,ignoring_inline_asm
../TraceRecorderSource/trcEvent.c:347:13:xTraceEventCreateData1	56	static,ignoring_inline_asm
../TraceRecorderSource/trcEvent.c:375:13:xTraceEventCreateData2	56	static,ignoring_inline_asm
../TraceRecorderSource/trcEvent.c:404:13:xTraceEventCreateData3	56	static,ignoring_inline_asm
../TraceRecorderSource/trcEvent.c:434:13:xTraceEventCreateData4	56	static,ignoring_inline_asm
../TraceRecorderSource/trcEvent.c:465:13:xTraceEventCreateData5	56	static,ignoring_inline_asm
../TraceRecorderSource/trcEvent.c:497:13:xTraceEventCreateData6	56	static,ignoring_inline_asm
../TraceRecorderSource/trcEvent.c:530:13:xTraceEventGetSize	16	static
