15:25:02 **** Incremental Build of configuration Debug for project version2 ****
make -j12 all 
arm-none-eabi-gcc "../TraceRecorderSource/trcEventBuffer.c" -mcpu=cortex-m4 -std=gnu11 -g3 -DDEBUG -DUSE_HAL_DRIVER -DSTM32F411xE -c -I../Core/Inc -I../Drivers/STM32F4xx_HAL_Driver/Inc -I../Drivers/STM32F4xx_HAL_Driver/Inc/Legacy -I../Drivers/CMSIS/Device/ST/STM32F4xx/Include -I../Drivers/CMSIS/Include -I../Middlewares/Third_Party/FreeRTOS/Source/include -I../Middlewares/Third_Party/FreeRTOS/Source/CMSIS_RTOS -I../Middlewares/Third_Party/FreeRTOS/Source/portable/GCC/ARM_CM4F -I"D:/Nam_4/KI_II/Thiet_ke_so_va_lap_trinh_nhung/FC_freeRtosv2/version2/TraceRecorderSource/include" -I"D:/Nam_4/KI_II/Thiet_ke_so_va_lap_trinh_nhung/FC_freeRtosv2/version2/TraceRecorderSource/config" -I"D:/Nam_4/KI_II/Thiet_ke_so_va_lap_trinh_nhung/FC_freeRtosv2/version2/TraceRecorderSource/kernelports/FreeRTOS/include" -I"D:/Nam_4/KI_II/Thiet_ke_so_va_lap_trinh_nhung/FC_freeRtosv2/version2/TraceRecorderSource/kernelports/FreeRTOS/config" -I"D:/Nam_4/KI_II/Thiet_ke_so_va_lap_trinh_nhung/FC_freeRtosv2/version2/TraceRecorderSource/streamports/RingBuffer/config" -I"D:/Nam_4/KI_II/Thiet_ke_so_va_lap_trinh_nhung/FC_freeRtosv2/version2/TraceRecorderSource/streamports/RingBuffer/include" -O0 -ffunction-sections -fdata-sections -Wall -fstack-usage -fcyclomatic-complexity -MMD -MP -MF"TraceRecorderSource/trcEventBuffer.d" -MT"TraceRecorderSource/trcEventBuffer.o" --specs=nano.specs -mfpu=fpv4-sp-d16 -mfloat-abi=hard -mthumb -o "TraceRecorderSource/trcEventBuffer.o"
arm-none-eabi-gcc "../TraceRecorderSource/trcExtension.c" -mcpu=cortex-m4 -std=gnu11 -g3 -DDEBUG -DUSE_HAL_DRIVER -DSTM32F411xE -c -I../Core/Inc -I../Drivers/STM32F4xx_HAL_Driver/Inc -I../Drivers/STM32F4xx_HAL_Driver/Inc/Legacy -I../Drivers/CMSIS/Device/ST/STM32F4xx/Include -I../Drivers/CMSIS/Include -I../Middlewares/Third_Party/FreeRTOS/Source/include -I../Middlewares/Third_Party/FreeRTOS/Source/CMSIS_RTOS -I../Middlewares/Third_Party/FreeRTOS/Source/portable/GCC/ARM_CM4F -I"D:/Nam_4/KI_II/Thiet_ke_so_va_lap_trinh_nhung/FC_freeRtosv2/version2/TraceRecorderSource/include" -I"D:/Nam_4/KI_II/Thiet_ke_so_va_lap_trinh_nhung/FC_freeRtosv2/version2/TraceRecorderSource/config" -I"D:/Nam_4/KI_II/Thiet_ke_so_va_lap_trinh_nhung/FC_freeRtosv2/version2/TraceRecorderSource/kernelports/FreeRTOS/include" -I"D:/Nam_4/KI_II/Thiet_ke_so_va_lap_trinh_nhung/FC_freeRtosv2/version2/TraceRecorderSource/kernelports/FreeRTOS/config" -I"D:/Nam_4/KI_II/Thiet_ke_so_va_lap_trinh_nhung/FC_freeRtosv2/version2/TraceRecorderSource/streamports/RingBuffer/config" -I"D:/Nam_4/KI_II/Thiet_ke_so_va_lap_trinh_nhung/FC_freeRtosv2/version2/TraceRecorderSource/streamports/RingBuffer/include" -O0 -ffunction-sections -fdata-sections -Wall -fstack-usage -fcyclomatic-complexity -MMD -MP -MF"TraceRecorderSource/trcExtension.d" -MT"TraceRecorderSource/trcExtension.o" --specs=nano.specs -mfpu=fpv4-sp-d16 -mfloat-abi=hard -mthumb -o "TraceRecorderSource/trcExtension.o"
arm-none-eabi-gcc "../TraceRecorderSource/trcHardwarePort.c" -mcpu=cortex-m4 -std=gnu11 -g3 -DDEBUG -DUSE_HAL_DRIVER -DSTM32F411xE -c -I../Core/Inc -I../Drivers/STM32F4xx_HAL_Driver/Inc -I../Drivers/STM32F4xx_HAL_Driver/Inc/Legacy -I../Drivers/CMSIS/Device/ST/STM32F4xx/Include -I../Drivers/CMSIS/Include -I../Middlewares/Third_Party/FreeRTOS/Source/include -I../Middlewares/Third_Party/FreeRTOS/Source/CMSIS_RTOS -I../Middlewares/Third_Party/FreeRTOS/Source/portable/GCC/ARM_CM4F -I"D:/Nam_4/KI_II/Thiet_ke_so_va_lap_trinh_nhung/FC_freeRtosv2/version2/TraceRecorderSource/include" -I"D:/Nam_4/KI_II/Thiet_ke_so_va_lap_trinh_nhung/FC_freeRtosv2/version2/TraceRecorderSource/config" -I"D:/Nam_4/KI_II/Thiet_ke_so_va_lap_trinh_nhung/FC_freeRtosv2/version2/TraceRecorderSource/kernelports/FreeRTOS/include" -I"D:/Nam_4/KI_II/Thiet_ke_so_va_lap_trinh_nhung/FC_freeRtosv2/version2/TraceRecorderSource/kernelports/FreeRTOS/config" -I"D:/Nam_4/KI_II/Thiet_ke_so_va_lap_trinh_nhung/FC_freeRtosv2/version2/TraceRecorderSource/streamports/RingBuffer/config" -I"D:/Nam_4/KI_II/Thiet_ke_so_va_lap_trinh_nhung/FC_freeRtosv2/version2/TraceRecorderSource/streamports/RingBuffer/include" -O0 -ffunction-sections -fdata-sections -Wall -fstack-usage -fcyclomatic-complexity -MMD -MP -MF"TraceRecorderSource/trcHardwarePort.d" -MT"TraceRecorderSource/trcHardwarePort.o" --specs=nano.specs -mfpu=fpv4-sp-d16 -mfloat-abi=hard -mthumb -o "TraceRecorderSource/trcHardwarePort.o"
arm-none-eabi-gcc "../TraceRecorderSource/trcHeap.c" -mcpu=cortex-m4 -std=gnu11 -g3 -DDEBUG -DUSE_HAL_DRIVER -DSTM32F411xE -c -I../Core/Inc -I../Drivers/STM32F4xx_HAL_Driver/Inc -I../Drivers/STM32F4xx_HAL_Driver/Inc/Legacy -I../Drivers/CMSIS/Device/ST/STM32F4xx/Include -I../Drivers/CMSIS/Include -I../Middlewares/Third_Party/FreeRTOS/Source/include -I../Middlewares/Third_Party/FreeRTOS/Source/CMSIS_RTOS -I../Middlewares/Third_Party/FreeRTOS/Source/portable/GCC/ARM_CM4F -I"D:/Nam_4/KI_II/Thiet_ke_so_va_lap_trinh_nhung/FC_freeRtosv2/version2/TraceRecorderSource/include" -I"D:/Nam_4/KI_II/Thiet_ke_so_va_lap_trinh_nhung/FC_freeRtosv2/version2/TraceRecorderSource/config" -I"D:/Nam_4/KI_II/Thiet_ke_so_va_lap_trinh_nhung/FC_freeRtosv2/version2/TraceRecorderSource/kernelports/FreeRTOS/include" -I"D:/Nam_4/KI_II/Thiet_ke_so_va_lap_trinh_nhung/FC_freeRtosv2/version2/TraceRecorderSource/kernelports/FreeRTOS/config" -I"D:/Nam_4/KI_II/Thiet_ke_so_va_lap_trinh_nhung/FC_freeRtosv2/version2/TraceRecorderSource/streamports/RingBuffer/config" -I"D:/Nam_4/KI_II/Thiet_ke_so_va_lap_trinh_nhung/FC_freeRtosv2/version2/TraceRecorderSource/streamports/RingBuffer/include" -O0 -ffunction-sections -fdata-sections -Wall -fstack-usage -fcyclomatic-complexity -MMD -MP -MF"TraceRecorderSource/trcHeap.d" -MT"TraceRecorderSource/trcHeap.o" --specs=nano.specs -mfpu=fpv4-sp-d16 -mfloat-abi=hard -mthumb -o "TraceRecorderSource/trcHeap.o"
arm-none-eabi-gcc "../TraceRecorderSource/trcISR.c" -mcpu=cortex-m4 -std=gnu11 -g3 -DDEBUG -DUSE_HAL_DRIVER -DSTM32F411xE -c -I../Core/Inc -I../Drivers/STM32F4xx_HAL_Driver/Inc -I../Drivers/STM32F4xx_HAL_Driver/Inc/Legacy -I../Drivers/CMSIS/Device/ST/STM32F4xx/Include -I../Drivers/CMSIS/Include -I../Middlewares/Third_Party/FreeRTOS/Source/include -I../Middlewares/Third_Party/FreeRTOS/Source/CMSIS_RTOS -I../Middlewares/Third_Party/FreeRTOS/Source/portable/GCC/ARM_CM4F -I"D:/Nam_4/KI_II/Thiet_ke_so_va_lap_trinh_nhung/FC_freeRtosv2/version2/TraceRecorderSource/include" -I"D:/Nam_4/KI_II/Thiet_ke_so_va_lap_trinh_nhung/FC_freeRtosv2/version2/TraceRecorderSource/config" -I"D:/Nam_4/KI_II/Thiet_ke_so_va_lap_trinh_nhung/FC_freeRtosv2/version2/TraceRecorderSource/kernelports/FreeRTOS/include" -I"D:/Nam_4/KI_II/Thiet_ke_so_va_lap_trinh_nhung/FC_freeRtosv2/version2/TraceRecorderSource/kernelports/FreeRTOS/config" -I"D:/Nam_4/KI_II/Thiet_ke_so_va_lap_trinh_nhung/FC_freeRtosv2/version2/TraceRecorderSource/streamports/RingBuffer/config" -I"D:/Nam_4/KI_II/Thiet_ke_so_va_lap_trinh_nhung/FC_freeRtosv2/version2/TraceRecorderSource/streamports/RingBuffer/include" -O0 -ffunction-sections -fdata-sections -Wall -fstack-usage -fcyclomatic-complexity -MMD -MP -MF"TraceRecorderSource/trcISR.d" -MT"TraceRecorderSource/trcISR.o" --specs=nano.specs -mfpu=fpv4-sp-d16 -mfloat-abi=hard -mthumb -o "TraceRecorderSource/trcISR.o"
arm-none-eabi-gcc "../TraceRecorderSource/trcInternalEventBuffer.c" -mcpu=cortex-m4 -std=gnu11 -g3 -DDEBUG -DUSE_HAL_DRIVER -DSTM32F411xE -c -I../Core/Inc -I../Drivers/STM32F4xx_HAL_Driver/Inc -I../Drivers/STM32F4xx_HAL_Driver/Inc/Legacy -I../Drivers/CMSIS/Device/ST/STM32F4xx/Include -I../Drivers/CMSIS/Include -I../Middlewares/Third_Party/FreeRTOS/Source/include -I../Middlewares/Third_Party/FreeRTOS/Source/CMSIS_RTOS -I../Middlewares/Third_Party/FreeRTOS/Source/portable/GCC/ARM_CM4F -I"D:/Nam_4/KI_II/Thiet_ke_so_va_lap_trinh_nhung/FC_freeRtosv2/version2/TraceRecorderSource/include" -I"D:/Nam_4/KI_II/Thiet_ke_so_va_lap_trinh_nhung/FC_freeRtosv2/version2/TraceRecorderSource/config" -I"D:/Nam_4/KI_II/Thiet_ke_so_va_lap_trinh_nhung/FC_freeRtosv2/version2/TraceRecorderSource/kernelports/FreeRTOS/include" -I"D:/Nam_4/KI_II/Thiet_ke_so_va_lap_trinh_nhung/FC_freeRtosv2/version2/TraceRecorderSource/kernelports/FreeRTOS/config" -I"D:/Nam_4/KI_II/Thiet_ke_so_va_lap_trinh_nhung/FC_freeRtosv2/version2/TraceRecorderSource/streamports/RingBuffer/config" -I"D:/Nam_4/KI_II/Thiet_ke_so_va_lap_trinh_nhung/FC_freeRtosv2/version2/TraceRecorderSource/streamports/RingBuffer/include" -O0 -ffunction-sections -fdata-sections -Wall -fstack-usage -fcyclomatic-complexity -MMD -MP -MF"TraceRecorderSource/trcInternalEventBuffer.d" -MT"TraceRecorderSource/trcInternalEventBuffer.o" --specs=nano.specs -mfpu=fpv4-sp-d16 -mfloat-abi=hard -mthumb -o "TraceRecorderSource/trcInternalEventBuffer.o"
arm-none-eabi-gcc "../TraceRecorderSource/trcInterval.c" -mcpu=cortex-m4 -std=gnu11 -g3 -DDEBUG -DUSE_HAL_DRIVER -DSTM32F411xE -c -I../Core/Inc -I../Drivers/STM32F4xx_HAL_Driver/Inc -I../Drivers/STM32F4xx_HAL_Driver/Inc/Legacy -I../Drivers/CMSIS/Device/ST/STM32F4xx/Include -I../Drivers/CMSIS/Include -I../Middlewares/Third_Party/FreeRTOS/Source/include -I../Middlewares/Third_Party/FreeRTOS/Source/CMSIS_RTOS -I../Middlewares/Third_Party/FreeRTOS/Source/portable/GCC/ARM_CM4F -I"D:/Nam_4/KI_II/Thiet_ke_so_va_lap_trinh_nhung/FC_freeRtosv2/version2/TraceRecorderSource/include" -I"D:/Nam_4/KI_II/Thiet_ke_so_va_lap_trinh_nhung/FC_freeRtosv2/version2/TraceRecorderSource/config" -I"D:/Nam_4/KI_II/Thiet_ke_so_va_lap_trinh_nhung/FC_freeRtosv2/version2/TraceRecorderSource/kernelports/FreeRTOS/include" -I"D:/Nam_4/KI_II/Thiet_ke_so_va_lap_trinh_nhung/FC_freeRtosv2/version2/TraceRecorderSource/kernelports/FreeRTOS/config" -I"D:/Nam_4/KI_II/Thiet_ke_so_va_lap_trinh_nhung/FC_freeRtosv2/version2/TraceRecorderSource/streamports/RingBuffer/config" -I"D:/Nam_4/KI_II/Thiet_ke_so_va_lap_trinh_nhung/FC_freeRtosv2/version2/TraceRecorderSource/streamports/RingBuffer/include" -O0 -ffunction-sections -fdata-sections -Wall -fstack-usage -fcyclomatic-complexity -MMD -MP -MF"TraceRecorderSource/trcInterval.d" -MT"TraceRecorderSource/trcInterval.o" --specs=nano.specs -mfpu=fpv4-sp-d16 -mfloat-abi=hard -mthumb -o "TraceRecorderSource/trcInterval.o"
arm-none-eabi-gcc "../TraceRecorderSource/trcMultiCoreEventBuffer.c" -mcpu=cortex-m4 -std=gnu11 -g3 -DDEBUG -DUSE_HAL_DRIVER -DSTM32F411xE -c -I../Core/Inc -I../Drivers/STM32F4xx_HAL_Driver/Inc -I../Drivers/STM32F4xx_HAL_Driver/Inc/Legacy -I../Drivers/CMSIS/Device/ST/STM32F4xx/Include -I../Drivers/CMSIS/Include -I../Middlewares/Third_Party/FreeRTOS/Source/include -I../Middlewares/Third_Party/FreeRTOS/Source/CMSIS_RTOS -I../Middlewares/Third_Party/FreeRTOS/Source/portable/GCC/ARM_CM4F -I"D:/Nam_4/KI_II/Thiet_ke_so_va_lap_trinh_nhung/FC_freeRtosv2/version2/TraceRecorderSource/include" -I"D:/Nam_4/KI_II/Thiet_ke_so_va_lap_trinh_nhung/FC_freeRtosv2/version2/TraceRecorderSource/config" -I"D:/Nam_4/KI_II/Thiet_ke_so_va_lap_trinh_nhung/FC_freeRtosv2/version2/TraceRecorderSource/kernelports/FreeRTOS/include" -I"D:/Nam_4/KI_II/Thiet_ke_so_va_lap_trinh_nhung/FC_freeRtosv2/version2/TraceRecorderSource/kernelports/FreeRTOS/config" -I"D:/Nam_4/KI_II/Thiet_ke_so_va_lap_trinh_nhung/FC_freeRtosv2/version2/TraceRecorderSource/streamports/RingBuffer/config" -I"D:/Nam_4/KI_II/Thiet_ke_so_va_lap_trinh_nhung/FC_freeRtosv2/version2/TraceRecorderSource/streamports/RingBuffer/include" -O0 -ffunction-sections -fdata-sections -Wall -fstack-usage -fcyclomatic-complexity -MMD -MP -MF"TraceRecorderSource/trcMultiCoreEventBuffer.d" -MT"TraceRecorderSource/trcMultiCoreEventBuffer.o" --specs=nano.specs -mfpu=fpv4-sp-d16 -mfloat-abi=hard -mthumb -o "TraceRecorderSource/trcMultiCoreEventBuffer.o"
arm-none-eabi-gcc "../TraceRecorderSource/trcObject.c" -mcpu=cortex-m4 -std=gnu11 -g3 -DDEBUG -DUSE_HAL_DRIVER -DSTM32F411xE -c -I../Core/Inc -I../Drivers/STM32F4xx_HAL_Driver/Inc -I../Drivers/STM32F4xx_HAL_Driver/Inc/Legacy -I../Drivers/CMSIS/Device/ST/STM32F4xx/Include -I../Drivers/CMSIS/Include -I../Middlewares/Third_Party/FreeRTOS/Source/include -I../Middlewares/Third_Party/FreeRTOS/Source/CMSIS_RTOS -I../Middlewares/Third_Party/FreeRTOS/Source/portable/GCC/ARM_CM4F -I"D:/Nam_4/KI_II/Thiet_ke_so_va_lap_trinh_nhung/FC_freeRtosv2/version2/TraceRecorderSource/include" -I"D:/Nam_4/KI_II/Thiet_ke_so_va_lap_trinh_nhung/FC_freeRtosv2/version2/TraceRecorderSource/config" -I"D:/Nam_4/KI_II/Thiet_ke_so_va_lap_trinh_nhung/FC_freeRtosv2/version2/TraceRecorderSource/kernelports/FreeRTOS/include" -I"D:/Nam_4/KI_II/Thiet_ke_so_va_lap_trinh_nhung/FC_freeRtosv2/version2/TraceRecorderSource/kernelports/FreeRTOS/config" -I"D:/Nam_4/KI_II/Thiet_ke_so_va_lap_trinh_nhung/FC_freeRtosv2/version2/TraceRecorderSource/streamports/RingBuffer/config" -I"D:/Nam_4/KI_II/Thiet_ke_so_va_lap_trinh_nhung/FC_freeRtosv2/version2/TraceRecorderSource/streamports/RingBuffer/include" -O0 -ffunction-sections -fdata-sections -Wall -fstack-usage -fcyclomatic-complexity -MMD -MP -MF"TraceRecorderSource/trcObject.d" -MT"TraceRecorderSource/trcObject.o" --specs=nano.specs -mfpu=fpv4-sp-d16 -mfloat-abi=hard -mthumb -o "TraceRecorderSource/trcObject.o"
arm-none-eabi-gcc "../TraceRecorderSource/trcPrint.c" -mcpu=cortex-m4 -std=gnu11 -g3 -DDEBUG -DUSE_HAL_DRIVER -DSTM32F411xE -c -I../Core/Inc -I../Drivers/STM32F4xx_HAL_Driver/Inc -I../Drivers/STM32F4xx_HAL_Driver/Inc/Legacy -I../Drivers/CMSIS/Device/ST/STM32F4xx/Include -I../Drivers/CMSIS/Include -I../Middlewares/Third_Party/FreeRTOS/Source/include -I../Middlewares/Third_Party/FreeRTOS/Source/CMSIS_RTOS -I../Middlewares/Third_Party/FreeRTOS/Source/portable/GCC/ARM_CM4F -I"D:/Nam_4/KI_II/Thiet_ke_so_va_lap_trinh_nhung/FC_freeRtosv2/version2/TraceRecorderSource/include" -I"D:/Nam_4/KI_II/Thiet_ke_so_va_lap_trinh_nhung/FC_freeRtosv2/version2/TraceRecorderSource/config" -I"D:/Nam_4/KI_II/Thiet_ke_so_va_lap_trinh_nhung/FC_freeRtosv2/version2/TraceRecorderSource/kernelports/FreeRTOS/include" -I"D:/Nam_4/KI_II/Thiet_ke_so_va_lap_trinh_nhung/FC_freeRtosv2/version2/TraceRecorderSource/kernelports/FreeRTOS/config" -I"D:/Nam_4/KI_II/Thiet_ke_so_va_lap_trinh_nhung/FC_freeRtosv2/version2/TraceRecorderSource/streamports/RingBuffer/config" -I"D:/Nam_4/KI_II/Thiet_ke_so_va_lap_trinh_nhung/FC_freeRtosv2/version2/TraceRecorderSource/streamports/RingBuffer/include" -O0 -ffunction-sections -fdata-sections -Wall -fstack-usage -fcyclomatic-complexity -MMD -MP -MF"TraceRecorderSource/trcPrint.d" -MT"TraceRecorderSource/trcPrint.o" --specs=nano.specs -mfpu=fpv4-sp-d16 -mfloat-abi=hard -mthumb -o "TraceRecorderSource/trcPrint.o"
arm-none-eabi-gcc "../TraceRecorderSource/trcRunnable.c" -mcpu=cortex-m4 -std=gnu11 -g3 -DDEBUG -DUSE_HAL_DRIVER -DSTM32F411xE -c -I../Core/Inc -I../Drivers/STM32F4xx_HAL_Driver/Inc -I../Drivers/STM32F4xx_HAL_Driver/Inc/Legacy -I../Drivers/CMSIS/Device/ST/STM32F4xx/Include -I../Drivers/CMSIS/Include -I../Middlewares/Third_Party/FreeRTOS/Source/include -I../Middlewares/Third_Party/FreeRTOS/Source/CMSIS_RTOS -I../Middlewares/Third_Party/FreeRTOS/Source/portable/GCC/ARM_CM4F -I"D:/Nam_4/KI_II/Thiet_ke_so_va_lap_trinh_nhung/FC_freeRtosv2/version2/TraceRecorderSource/include" -I"D:/Nam_4/KI_II/Thiet_ke_so_va_lap_trinh_nhung/FC_freeRtosv2/version2/TraceRecorderSource/config" -I"D:/Nam_4/KI_II/Thiet_ke_so_va_lap_trinh_nhung/FC_freeRtosv2/version2/TraceRecorderSource/kernelports/FreeRTOS/include" -I"D:/Nam_4/KI_II/Thiet_ke_so_va_lap_trinh_nhung/FC_freeRtosv2/version2/TraceRecorderSource/kernelports/FreeRTOS/config" -I"D:/Nam_4/KI_II/Thiet_ke_so_va_lap_trinh_nhung/FC_freeRtosv2/version2/TraceRecorderSource/streamports/RingBuffer/config" -I"D:/Nam_4/KI_II/Thiet_ke_so_va_lap_trinh_nhung/FC_freeRtosv2/version2/TraceRecorderSource/streamports/RingBuffer/include" -O0 -ffunction-sections -fdata-sections -Wall -fstack-usage -fcyclomatic-complexity -MMD -MP -MF"TraceRecorderSource/trcRunnable.d" -MT"TraceRecorderSource/trcRunnable.o" --specs=nano.specs -mfpu=fpv4-sp-d16 -mfloat-abi=hard -mthumb -o "TraceRecorderSource/trcRunnable.o"
arm-none-eabi-gcc "../TraceRecorderSource/trcStackMonitor.c" -mcpu=cortex-m4 -std=gnu11 -g3 -DDEBUG -DUSE_HAL_DRIVER -DSTM32F411xE -c -I../Core/Inc -I../Drivers/STM32F4xx_HAL_Driver/Inc -I../Drivers/STM32F4xx_HAL_Driver/Inc/Legacy -I../Drivers/CMSIS/Device/ST/STM32F4xx/Include -I../Drivers/CMSIS/Include -I../Middlewares/Third_Party/FreeRTOS/Source/include -I../Middlewares/Third_Party/FreeRTOS/Source/CMSIS_RTOS -I../Middlewares/Third_Party/FreeRTOS/Source/portable/GCC/ARM_CM4F -I"D:/Nam_4/KI_II/Thiet_ke_so_va_lap_trinh_nhung/FC_freeRtosv2/version2/TraceRecorderSource/include" -I"D:/Nam_4/KI_II/Thiet_ke_so_va_lap_trinh_nhung/FC_freeRtosv2/version2/TraceRecorderSource/config" -I"D:/Nam_4/KI_II/Thiet_ke_so_va_lap_trinh_nhung/FC_freeRtosv2/version2/TraceRecorderSource/kernelports/FreeRTOS/include" -I"D:/Nam_4/KI_II/Thiet_ke_so_va_lap_trinh_nhung/FC_freeRtosv2/version2/TraceRecorderSource/kernelports/FreeRTOS/config" -I"D:/Nam_4/KI_II/Thiet_ke_so_va_lap_trinh_nhung/FC_freeRtosv2/version2/TraceRecorderSource/streamports/RingBuffer/config" -I"D:/Nam_4/KI_II/Thiet_ke_so_va_lap_trinh_nhung/FC_freeRtosv2/version2/TraceRecorderSource/streamports/RingBuffer/include" -O0 -ffunction-sections -fdata-sections -Wall -fstack-usage -fcyclomatic-complexity -MMD -MP -MF"TraceRecorderSource/trcStackMonitor.d" -MT"TraceRecorderSource/trcStackMonitor.o" --specs=nano.specs -mfpu=fpv4-sp-d16 -mfloat-abi=hard -mthumb -o "TraceRecorderSource/trcStackMonitor.o"
arm-none-eabi-gcc "../TraceRecorderSource/trcStateMachine.c" -mcpu=cortex-m4 -std=gnu11 -g3 -DDEBUG -DUSE_HAL_DRIVER -DSTM32F411xE -c -I../Core/Inc -I../Drivers/STM32F4xx_HAL_Driver/Inc -I../Drivers/STM32F4xx_HAL_Driver/Inc/Legacy -I../Drivers/CMSIS/Device/ST/STM32F4xx/Include -I../Drivers/CMSIS/Include -I../Middlewares/Third_Party/FreeRTOS/Source/include -I../Middlewares/Third_Party/FreeRTOS/Source/CMSIS_RTOS -I../Middlewares/Third_Party/FreeRTOS/Source/portable/GCC/ARM_CM4F -I"D:/Nam_4/KI_II/Thiet_ke_so_va_lap_trinh_nhung/FC_freeRtosv2/version2/TraceRecorderSource/include" -I"D:/Nam_4/KI_II/Thiet_ke_so_va_lap_trinh_nhung/FC_freeRtosv2/version2/TraceRecorderSource/config" -I"D:/Nam_4/KI_II/Thiet_ke_so_va_lap_trinh_nhung/FC_freeRtosv2/version2/TraceRecorderSource/kernelports/FreeRTOS/include" -I"D:/Nam_4/KI_II/Thiet_ke_so_va_lap_trinh_nhung/FC_freeRtosv2/version2/TraceRecorderSource/kernelports/FreeRTOS/config" -I"D:/Nam_4/KI_II/Thiet_ke_so_va_lap_trinh_nhung/FC_freeRtosv2/version2/TraceRecorderSource/streamports/RingBuffer/config" -I"D:/Nam_4/KI_II/Thiet_ke_so_va_lap_trinh_nhung/FC_freeRtosv2/version2/TraceRecorderSource/streamports/RingBuffer/include" -O0 -ffunction-sections -fdata-sections -Wall -fstack-usage -fcyclomatic-complexity -MMD -MP -MF"TraceRecorderSource/trcStateMachine.d" -MT"TraceRecorderSource/trcStateMachine.o" --specs=nano.specs -mfpu=fpv4-sp-d16 -mfloat-abi=hard -mthumb -o "TraceRecorderSource/trcStateMachine.o"
arm-none-eabi-gcc "../TraceRecorderSource/trcStaticBuffer.c" -mcpu=cortex-m4 -std=gnu11 -g3 -DDEBUG -DUSE_HAL_DRIVER -DSTM32F411xE -c -I../Core/Inc -I../Drivers/STM32F4xx_HAL_Driver/Inc -I../Drivers/STM32F4xx_HAL_Driver/Inc/Legacy -I../Drivers/CMSIS/Device/ST/STM32F4xx/Include -I../Drivers/CMSIS/Include -I../Middlewares/Third_Party/FreeRTOS/Source/include -I../Middlewares/Third_Party/FreeRTOS/Source/CMSIS_RTOS -I../Middlewares/Third_Party/FreeRTOS/Source/portable/GCC/ARM_CM4F -I"D:/Nam_4/KI_II/Thiet_ke_so_va_lap_trinh_nhung/FC_freeRtosv2/version2/TraceRecorderSource/include" -I"D:/Nam_4/KI_II/Thiet_ke_so_va_lap_trinh_nhung/FC_freeRtosv2/version2/TraceRecorderSource/config" -I"D:/Nam_4/KI_II/Thiet_ke_so_va_lap_trinh_nhung/FC_freeRtosv2/version2/TraceRecorderSource/kernelports/FreeRTOS/include" -I"D:/Nam_4/KI_II/Thiet_ke_so_va_lap_trinh_nhung/FC_freeRtosv2/version2/TraceRecorderSource/kernelports/FreeRTOS/config" -I"D:/Nam_4/KI_II/Thiet_ke_so_va_lap_trinh_nhung/FC_freeRtosv2/version2/TraceRecorderSource/streamports/RingBuffer/config" -I"D:/Nam_4/KI_II/Thiet_ke_so_va_lap_trinh_nhung/FC_freeRtosv2/version2/TraceRecorderSource/streamports/RingBuffer/include" -O0 -ffunction-sections -fdata-sections -Wall -fstack-usage -fcyclomatic-complexity -MMD -MP -MF"TraceRecorderSource/trcStaticBuffer.d" -MT"TraceRecorderSource/trcStaticBuffer.o" --specs=nano.specs -mfpu=fpv4-sp-d16 -mfloat-abi=hard -mthumb -o "TraceRecorderSource/trcStaticBuffer.o"
arm-none-eabi-gcc "../TraceRecorderSource/trcStreamingRecorder.c" -mcpu=cortex-m4 -std=gnu11 -g3 -DDEBUG -DUSE_HAL_DRIVER -DSTM32F411xE -c -I../Core/Inc -I../Drivers/STM32F4xx_HAL_Driver/Inc -I../Drivers/STM32F4xx_HAL_Driver/Inc/Legacy -I../Drivers/CMSIS/Device/ST/STM32F4xx/Include -I../Drivers/CMSIS/Include -I../Middlewares/Third_Party/FreeRTOS/Source/include -I../Middlewares/Third_Party/FreeRTOS/Source/CMSIS_RTOS -I../Middlewares/Third_Party/FreeRTOS/Source/portable/GCC/ARM_CM4F -I"D:/Nam_4/KI_II/Thiet_ke_so_va_lap_trinh_nhung/FC_freeRtosv2/version2/TraceRecorderSource/include" -I"D:/Nam_4/KI_II/Thiet_ke_so_va_lap_trinh_nhung/FC_freeRtosv2/version2/TraceRecorderSource/config" -I"D:/Nam_4/KI_II/Thiet_ke_so_va_lap_trinh_nhung/FC_freeRtosv2/version2/TraceRecorderSource/kernelports/FreeRTOS/include" -I"D:/Nam_4/KI_II/Thiet_ke_so_va_lap_trinh_nhung/FC_freeRtosv2/version2/TraceRecorderSource/kernelports/FreeRTOS/config" -I"D:/Nam_4/KI_II/Thiet_ke_so_va_lap_trinh_nhung/FC_freeRtosv2/version2/TraceRecorderSource/streamports/RingBuffer/config" -I"D:/Nam_4/KI_II/Thiet_ke_so_va_lap_trinh_nhung/FC_freeRtosv2/version2/TraceRecorderSource/streamports/RingBuffer/include" -O0 -ffunction-sections -fdata-sections -Wall -fstack-usage -fcyclomatic-complexity -MMD -MP -MF"TraceRecorderSource/trcStreamingRecorder.d" -MT"TraceRecorderSource/trcStreamingRecorder.o" --specs=nano.specs -mfpu=fpv4-sp-d16 -mfloat-abi=hard -mthumb -o "TraceRecorderSource/trcStreamingRecorder.o"
arm-none-eabi-gcc "../TraceRecorderSource/trcString.c" -mcpu=cortex-m4 -std=gnu11 -g3 -DDEBUG -DUSE_HAL_DRIVER -DSTM32F411xE -c -I../Core/Inc -I../Drivers/STM32F4xx_HAL_Driver/Inc -I../Drivers/STM32F4xx_HAL_Driver/Inc/Legacy -I../Drivers/CMSIS/Device/ST/STM32F4xx/Include -I../Drivers/CMSIS/Include -I../Middlewares/Third_Party/FreeRTOS/Source/include -I../Middlewares/Third_Party/FreeRTOS/Source/CMSIS_RTOS -I../Middlewares/Third_Party/FreeRTOS/Source/portable/GCC/ARM_CM4F -I"D:/Nam_4/KI_II/Thiet_ke_so_va_lap_trinh_nhung/FC_freeRtosv2/version2/TraceRecorderSource/include" -I"D:/Nam_4/KI_II/Thiet_ke_so_va_lap_trinh_nhung/FC_freeRtosv2/version2/TraceRecorderSource/config" -I"D:/Nam_4/KI_II/Thiet_ke_so_va_lap_trinh_nhung/FC_freeRtosv2/version2/TraceRecorderSource/kernelports/FreeRTOS/include" -I"D:/Nam_4/KI_II/Thiet_ke_so_va_lap_trinh_nhung/FC_freeRtosv2/version2/TraceRecorderSource/kernelports/FreeRTOS/config" -I"D:/Nam_4/KI_II/Thiet_ke_so_va_lap_trinh_nhung/FC_freeRtosv2/version2/TraceRecorderSource/streamports/RingBuffer/config" -I"D:/Nam_4/KI_II/Thiet_ke_so_va_lap_trinh_nhung/FC_freeRtosv2/version2/TraceRecorderSource/streamports/RingBuffer/include" -O0 -ffunction-sections -fdata-sections -Wall -fstack-usage -fcyclomatic-complexity -MMD -MP -MF"TraceRecorderSource/trcString.d" -MT"TraceRecorderSource/trcString.o" --specs=nano.specs -mfpu=fpv4-sp-d16 -mfloat-abi=hard -mthumb -o "TraceRecorderSource/trcString.o"
arm-none-eabi-gcc "../TraceRecorderSource/trcTask.c" -mcpu=cortex-m4 -std=gnu11 -g3 -DDEBUG -DUSE_HAL_DRIVER -DSTM32F411xE -c -I../Core/Inc -I../Drivers/STM32F4xx_HAL_Driver/Inc -I../Drivers/STM32F4xx_HAL_Driver/Inc/Legacy -I../Drivers/CMSIS/Device/ST/STM32F4xx/Include -I../Drivers/CMSIS/Include -I../Middlewares/Third_Party/FreeRTOS/Source/include -I../Middlewares/Third_Party/FreeRTOS/Source/CMSIS_RTOS -I../Middlewares/Third_Party/FreeRTOS/Source/portable/GCC/ARM_CM4F -I"D:/Nam_4/KI_II/Thiet_ke_so_va_lap_trinh_nhung/FC_freeRtosv2/version2/TraceRecorderSource/include" -I"D:/Nam_4/KI_II/Thiet_ke_so_va_lap_trinh_nhung/FC_freeRtosv2/version2/TraceRecorderSource/config" -I"D:/Nam_4/KI_II/Thiet_ke_so_va_lap_trinh_nhung/FC_freeRtosv2/version2/TraceRecorderSource/kernelports/FreeRTOS/include" -I"D:/Nam_4/KI_II/Thiet_ke_so_va_lap_trinh_nhung/FC_freeRtosv2/version2/TraceRecorderSource/kernelports/FreeRTOS/config" -I"D:/Nam_4/KI_II/Thiet_ke_so_va_lap_trinh_nhung/FC_freeRtosv2/version2/TraceRecorderSource/streamports/RingBuffer/config" -I"D:/Nam_4/KI_II/Thiet_ke_so_va_lap_trinh_nhung/FC_freeRtosv2/version2/TraceRecorderSource/streamports/RingBuffer/include" -O0 -ffunction-sections -fdata-sections -Wall -fstack-usage -fcyclomatic-complexity -MMD -MP -MF"TraceRecorderSource/trcTask.d" -MT"TraceRecorderSource/trcTask.o" --specs=nano.specs -mfpu=fpv4-sp-d16 -mfloat-abi=hard -mthumb -o "TraceRecorderSource/trcTask.o"
arm-none-eabi-gcc "../TraceRecorderSource/trcTaskMonitor.c" -mcpu=cortex-m4 -std=gnu11 -g3 -DDEBUG -DUSE_HAL_DRIVER -DSTM32F411xE -c -I../Core/Inc -I../Drivers/STM32F4xx_HAL_Driver/Inc -I../Drivers/STM32F4xx_HAL_Driver/Inc/Legacy -I../Drivers/CMSIS/Device/ST/STM32F4xx/Include -I../Drivers/CMSIS/Include -I../Middlewares/Third_Party/FreeRTOS/Source/include -I../Middlewares/Third_Party/FreeRTOS/Source/CMSIS_RTOS -I../Middlewares/Third_Party/FreeRTOS/Source/portable/GCC/ARM_CM4F -I"D:/Nam_4/KI_II/Thiet_ke_so_va_lap_trinh_nhung/FC_freeRtosv2/version2/TraceRecorderSource/include" -I"D:/Nam_4/KI_II/Thiet_ke_so_va_lap_trinh_nhung/FC_freeRtosv2/version2/TraceRecorderSource/config" -I"D:/Nam_4/KI_II/Thiet_ke_so_va_lap_trinh_nhung/FC_freeRtosv2/version2/TraceRecorderSource/kernelports/FreeRTOS/include" -I"D:/Nam_4/KI_II/Thiet_ke_so_va_lap_trinh_nhung/FC_freeRtosv2/version2/TraceRecorderSource/kernelports/FreeRTOS/config" -I"D:/Nam_4/KI_II/Thiet_ke_so_va_lap_trinh_nhung/FC_freeRtosv2/version2/TraceRecorderSource/streamports/RingBuffer/config" -I"D:/Nam_4/KI_II/Thiet_ke_so_va_lap_trinh_nhung/FC_freeRtosv2/version2/TraceRecorderSource/streamports/RingBuffer/include" -O0 -ffunction-sections -fdata-sections -Wall -fstack-usage -fcyclomatic-complexity -MMD -MP -MF"TraceRecorderSource/trcTaskMonitor.d" -MT"TraceRecorderSource/trcTaskMonitor.o" --specs=nano.specs -mfpu=fpv4-sp-d16 -mfloat-abi=hard -mthumb -o "TraceRecorderSource/trcTaskMonitor.o"
arm-none-eabi-gcc "../TraceRecorderSource/trcTimestamp.c" -mcpu=cortex-m4 -std=gnu11 -g3 -DDEBUG -DUSE_HAL_DRIVER -DSTM32F411xE -c -I../Core/Inc -I../Drivers/STM32F4xx_HAL_Driver/Inc -I../Drivers/STM32F4xx_HAL_Driver/Inc/Legacy -I../Drivers/CMSIS/Device/ST/STM32F4xx/Include -I../Drivers/CMSIS/Include -I../Middlewares/Third_Party/FreeRTOS/Source/include -I../Middlewares/Third_Party/FreeRTOS/Source/CMSIS_RTOS -I../Middlewares/Third_Party/FreeRTOS/Source/portable/GCC/ARM_CM4F -I"D:/Nam_4/KI_II/Thiet_ke_so_va_lap_trinh_nhung/FC_freeRtosv2/version2/TraceRecorderSource/include" -I"D:/Nam_4/KI_II/Thiet_ke_so_va_lap_trinh_nhung/FC_freeRtosv2/version2/TraceRecorderSource/config" -I"D:/Nam_4/KI_II/Thiet_ke_so_va_lap_trinh_nhung/FC_freeRtosv2/version2/TraceRecorderSource/kernelports/FreeRTOS/include" -I"D:/Nam_4/KI_II/Thiet_ke_so_va_lap_trinh_nhung/FC_freeRtosv2/version2/TraceRecorderSource/kernelports/FreeRTOS/config" -I"D:/Nam_4/KI_II/Thiet_ke_so_va_lap_trinh_nhung/FC_freeRtosv2/version2/TraceRecorderSource/streamports/RingBuffer/config" -I"D:/Nam_4/KI_II/Thiet_ke_so_va_lap_trinh_nhung/FC_freeRtosv2/version2/TraceRecorderSource/streamports/RingBuffer/include" -O0 -ffunction-sections -fdata-sections -Wall -fstack-usage -fcyclomatic-complexity -MMD -MP -MF"TraceRecorderSource/trcTimestamp.d" -MT"TraceRecorderSource/trcTimestamp.o" --specs=nano.specs -mfpu=fpv4-sp-d16 -mfloat-abi=hard -mthumb -o "TraceRecorderSource/trcTimestamp.o"
arm-none-eabi-gcc "../Middlewares/Third_Party/FreeRTOS/Source/portable/MemMang/heap_4.c" -mcpu=cortex-m4 -std=gnu11 -g3 -DDEBUG -DUSE_HAL_DRIVER -DSTM32F411xE -c -I../Core/Inc -I../Drivers/STM32F4xx_HAL_Driver/Inc -I../Drivers/STM32F4xx_HAL_Driver/Inc/Legacy -I../Drivers/CMSIS/Device/ST/STM32F4xx/Include -I../Drivers/CMSIS/Include -I../Middlewares/Third_Party/FreeRTOS/Source/include -I../Middlewares/Third_Party/FreeRTOS/Source/CMSIS_RTOS -I../Middlewares/Third_Party/FreeRTOS/Source/portable/GCC/ARM_CM4F -I"D:/Nam_4/KI_II/Thiet_ke_so_va_lap_trinh_nhung/FC_freeRtosv2/version2/TraceRecorderSource/include" -I"D:/Nam_4/KI_II/Thiet_ke_so_va_lap_trinh_nhung/FC_freeRtosv2/version2/TraceRecorderSource/config" -I"D:/Nam_4/KI_II/Thiet_ke_so_va_lap_trinh_nhung/FC_freeRtosv2/version2/TraceRecorderSource/kernelports/FreeRTOS/include" -I"D:/Nam_4/KI_II/Thiet_ke_so_va_lap_trinh_nhung/FC_freeRtosv2/version2/TraceRecorderSource/kernelports/FreeRTOS/config" -I"D:/Nam_4/KI_II/Thiet_ke_so_va_lap_trinh_nhung/FC_freeRtosv2/version2/TraceRecorderSource/streamports/RingBuffer/config" -I"D:/Nam_4/KI_II/Thiet_ke_so_va_lap_trinh_nhung/FC_freeRtosv2/version2/TraceRecorderSource/streamports/RingBuffer/include" -O0 -ffunction-sections -fdata-sections -Wall -fstack-usage -fcyclomatic-complexity -MMD -MP -MF"Middlewares/Third_Party/FreeRTOS/Source/portable/MemMang/heap_4.d" -MT"Middlewares/Third_Party/FreeRTOS/Source/portable/MemMang/heap_4.o" --specs=nano.specs -mfpu=fpv4-sp-d16 -mfloat-abi=hard -mthumb -o "Middlewares/Third_Party/FreeRTOS/Source/portable/MemMang/heap_4.o"
arm-none-eabi-gcc "../Middlewares/Third_Party/FreeRTOS/Source/portable/GCC/ARM_CM4F/port.c" -mcpu=cortex-m4 -std=gnu11 -g3 -DDEBUG -DUSE_HAL_DRIVER -DSTM32F411xE -c -I../Core/Inc -I../Drivers/STM32F4xx_HAL_Driver/Inc -I../Drivers/STM32F4xx_HAL_Driver/Inc/Legacy -I../Drivers/CMSIS/Device/ST/STM32F4xx/Include -I../Drivers/CMSIS/Include -I../Middlewares/Third_Party/FreeRTOS/Source/include -I../Middlewares/Third_Party/FreeRTOS/Source/CMSIS_RTOS -I../Middlewares/Third_Party/FreeRTOS/Source/portable/GCC/ARM_CM4F -I"D:/Nam_4/KI_II/Thiet_ke_so_va_lap_trinh_nhung/FC_freeRtosv2/version2/TraceRecorderSource/include" -I"D:/Nam_4/KI_II/Thiet_ke_so_va_lap_trinh_nhung/FC_freeRtosv2/version2/TraceRecorderSource/config" -I"D:/Nam_4/KI_II/Thiet_ke_so_va_lap_trinh_nhung/FC_freeRtosv2/version2/TraceRecorderSource/kernelports/FreeRTOS/include" -I"D:/Nam_4/KI_II/Thiet_ke_so_va_lap_trinh_nhung/FC_freeRtosv2/version2/TraceRecorderSource/kernelports/FreeRTOS/config" -I"D:/Nam_4/KI_II/Thiet_ke_so_va_lap_trinh_nhung/FC_freeRtosv2/version2/TraceRecorderSource/streamports/RingBuffer/config" -I"D:/Nam_4/KI_II/Thiet_ke_so_va_lap_trinh_nhung/FC_freeRtosv2/version2/TraceRecorderSource/streamports/RingBuffer/include" -O0 -ffunction-sections -fdata-sections -Wall -fstack-usage -fcyclomatic-complexity -MMD -MP -MF"Middlewares/Third_Party/FreeRTOS/Source/portable/GCC/ARM_CM4F/port.d" -MT"Middlewares/Third_Party/FreeRTOS/Source/portable/GCC/ARM_CM4F/port.o" --specs=nano.specs -mfpu=fpv4-sp-d16 -mfloat-abi=hard -mthumb -o "Middlewares/Third_Party/FreeRTOS/Source/portable/GCC/ARM_CM4F/port.o"
arm-none-eabi-gcc "../Middlewares/Third_Party/FreeRTOS/Source/CMSIS_RTOS/cmsis_os.c" -mcpu=cortex-m4 -std=gnu11 -g3 -DDEBUG -DUSE_HAL_DRIVER -DSTM32F411xE -c -I../Core/Inc -I../Drivers/STM32F4xx_HAL_Driver/Inc -I../Drivers/STM32F4xx_HAL_Driver/Inc/Legacy -I../Drivers/CMSIS/Device/ST/STM32F4xx/Include -I../Drivers/CMSIS/Include -I../Middlewares/Third_Party/FreeRTOS/Source/include -I../Middlewares/Third_Party/FreeRTOS/Source/CMSIS_RTOS -I../Middlewares/Third_Party/FreeRTOS/Source/portable/GCC/ARM_CM4F -I"D:/Nam_4/KI_II/Thiet_ke_so_va_lap_trinh_nhung/FC_freeRtosv2/version2/TraceRecorderSource/include" -I"D:/Nam_4/KI_II/Thiet_ke_so_va_lap_trinh_nhung/FC_freeRtosv2/version2/TraceRecorderSource/config" -I"D:/Nam_4/KI_II/Thiet_ke_so_va_lap_trinh_nhung/FC_freeRtosv2/version2/TraceRecorderSource/kernelports/FreeRTOS/include" -I"D:/Nam_4/KI_II/Thiet_ke_so_va_lap_trinh_nhung/FC_freeRtosv2/version2/TraceRecorderSource/kernelports/FreeRTOS/config" -I"D:/Nam_4/KI_II/Thiet_ke_so_va_lap_trinh_nhung/FC_freeRtosv2/version2/TraceRecorderSource/streamports/RingBuffer/config" -I"D:/Nam_4/KI_II/Thiet_ke_so_va_lap_trinh_nhung/FC_freeRtosv2/version2/TraceRecorderSource/streamports/RingBuffer/include" -O0 -ffunction-sections -fdata-sections -Wall -fstack-usage -fcyclomatic-complexity -MMD -MP -MF"Middlewares/Third_Party/FreeRTOS/Source/CMSIS_RTOS/cmsis_os.d" -MT"Middlewares/Third_Party/FreeRTOS/Source/CMSIS_RTOS/cmsis_os.o" --specs=nano.specs -mfpu=fpv4-sp-d16 -mfloat-abi=hard -mthumb -o "Middlewares/Third_Party/FreeRTOS/Source/CMSIS_RTOS/cmsis_os.o"
arm-none-eabi-gcc "../Middlewares/Third_Party/FreeRTOS/Source/croutine.c" -mcpu=cortex-m4 -std=gnu11 -g3 -DDEBUG -DUSE_HAL_DRIVER -DSTM32F411xE -c -I../Core/Inc -I../Drivers/STM32F4xx_HAL_Driver/Inc -I../Drivers/STM32F4xx_HAL_Driver/Inc/Legacy -I../Drivers/CMSIS/Device/ST/STM32F4xx/Include -I../Drivers/CMSIS/Include -I../Middlewares/Third_Party/FreeRTOS/Source/include -I../Middlewares/Third_Party/FreeRTOS/Source/CMSIS_RTOS -I../Middlewares/Third_Party/FreeRTOS/Source/portable/GCC/ARM_CM4F -I"D:/Nam_4/KI_II/Thiet_ke_so_va_lap_trinh_nhung/FC_freeRtosv2/version2/TraceRecorderSource/include" -I"D:/Nam_4/KI_II/Thiet_ke_so_va_lap_trinh_nhung/FC_freeRtosv2/version2/TraceRecorderSource/config" -I"D:/Nam_4/KI_II/Thiet_ke_so_va_lap_trinh_nhung/FC_freeRtosv2/version2/TraceRecorderSource/kernelports/FreeRTOS/include" -I"D:/Nam_4/KI_II/Thiet_ke_so_va_lap_trinh_nhung/FC_freeRtosv2/version2/TraceRecorderSource/kernelports/FreeRTOS/config" -I"D:/Nam_4/KI_II/Thiet_ke_so_va_lap_trinh_nhung/FC_freeRtosv2/version2/TraceRecorderSource/streamports/RingBuffer/config" -I"D:/Nam_4/KI_II/Thiet_ke_so_va_lap_trinh_nhung/FC_freeRtosv2/version2/TraceRecorderSource/streamports/RingBuffer/include" -O0 -ffunction-sections -fdata-sections -Wall -fstack-usage -fcyclomatic-complexity -MMD -MP -MF"Middlewares/Third_Party/FreeRTOS/Source/croutine.d" -MT"Middlewares/Third_Party/FreeRTOS/Source/croutine.o" --specs=nano.specs -mfpu=fpv4-sp-d16 -mfloat-abi=hard -mthumb -o "Middlewares/Third_Party/FreeRTOS/Source/croutine.o"
arm-none-eabi-gcc "../Middlewares/Third_Party/FreeRTOS/Source/event_groups.c" -mcpu=cortex-m4 -std=gnu11 -g3 -DDEBUG -DUSE_HAL_DRIVER -DSTM32F411xE -c -I../Core/Inc -I../Drivers/STM32F4xx_HAL_Driver/Inc -I../Drivers/STM32F4xx_HAL_Driver/Inc/Legacy -I../Drivers/CMSIS/Device/ST/STM32F4xx/Include -I../Drivers/CMSIS/Include -I../Middlewares/Third_Party/FreeRTOS/Source/include -I../Middlewares/Third_Party/FreeRTOS/Source/CMSIS_RTOS -I../Middlewares/Third_Party/FreeRTOS/Source/portable/GCC/ARM_CM4F -I"D:/Nam_4/KI_II/Thiet_ke_so_va_lap_trinh_nhung/FC_freeRtosv2/version2/TraceRecorderSource/include" -I"D:/Nam_4/KI_II/Thiet_ke_so_va_lap_trinh_nhung/FC_freeRtosv2/version2/TraceRecorderSource/config" -I"D:/Nam_4/KI_II/Thiet_ke_so_va_lap_trinh_nhung/FC_freeRtosv2/version2/TraceRecorderSource/kernelports/FreeRTOS/include" -I"D:/Nam_4/KI_II/Thiet_ke_so_va_lap_trinh_nhung/FC_freeRtosv2/version2/TraceRecorderSource/kernelports/FreeRTOS/config" -I"D:/Nam_4/KI_II/Thiet_ke_so_va_lap_trinh_nhung/FC_freeRtosv2/version2/TraceRecorderSource/streamports/RingBuffer/config" -I"D:/Nam_4/KI_II/Thiet_ke_so_va_lap_trinh_nhung/FC_freeRtosv2/version2/TraceRecorderSource/streamports/RingBuffer/include" -O0 -ffunction-sections -fdata-sections -Wall -fstack-usage -fcyclomatic-complexity -MMD -MP -MF"Middlewares/Third_Party/FreeRTOS/Source/event_groups.d" -MT"Middlewares/Third_Party/FreeRTOS/Source/event_groups.o" --specs=nano.specs -mfpu=fpv4-sp-d16 -mfloat-abi=hard -mthumb -o "Middlewares/Third_Party/FreeRTOS/Source/event_groups.o"
arm-none-eabi-gcc "../Middlewares/Third_Party/FreeRTOS/Source/list.c" -mcpu=cortex-m4 -std=gnu11 -g3 -DDEBUG -DUSE_HAL_DRIVER -DSTM32F411xE -c -I../Core/Inc -I../Drivers/STM32F4xx_HAL_Driver/Inc -I../Drivers/STM32F4xx_HAL_Driver/Inc/Legacy -I../Drivers/CMSIS/Device/ST/STM32F4xx/Include -I../Drivers/CMSIS/Include -I../Middlewares/Third_Party/FreeRTOS/Source/include -I../Middlewares/Third_Party/FreeRTOS/Source/CMSIS_RTOS -I../Middlewares/Third_Party/FreeRTOS/Source/portable/GCC/ARM_CM4F -I"D:/Nam_4/KI_II/Thiet_ke_so_va_lap_trinh_nhung/FC_freeRtosv2/version2/TraceRecorderSource/include" -I"D:/Nam_4/KI_II/Thiet_ke_so_va_lap_trinh_nhung/FC_freeRtosv2/version2/TraceRecorderSource/config" -I"D:/Nam_4/KI_II/Thiet_ke_so_va_lap_trinh_nhung/FC_freeRtosv2/version2/TraceRecorderSource/kernelports/FreeRTOS/include" -I"D:/Nam_4/KI_II/Thiet_ke_so_va_lap_trinh_nhung/FC_freeRtosv2/version2/TraceRecorderSource/kernelports/FreeRTOS/config" -I"D:/Nam_4/KI_II/Thiet_ke_so_va_lap_trinh_nhung/FC_freeRtosv2/version2/TraceRecorderSource/streamports/RingBuffer/config" -I"D:/Nam_4/KI_II/Thiet_ke_so_va_lap_trinh_nhung/FC_freeRtosv2/version2/TraceRecorderSource/streamports/RingBuffer/include" -O0 -ffunction-sections -fdata-sections -Wall -fstack-usage -fcyclomatic-complexity -MMD -MP -MF"Middlewares/Third_Party/FreeRTOS/Source/list.d" -MT"Middlewares/Third_Party/FreeRTOS/Source/list.o" --specs=nano.specs -mfpu=fpv4-sp-d16 -mfloat-abi=hard -mthumb -o "Middlewares/Third_Party/FreeRTOS/Source/list.o"
arm-none-eabi-gcc "../Middlewares/Third_Party/FreeRTOS/Source/queue.c" -mcpu=cortex-m4 -std=gnu11 -g3 -DDEBUG -DUSE_HAL_DRIVER -DSTM32F411xE -c -I../Core/Inc -I../Drivers/STM32F4xx_HAL_Driver/Inc -I../Drivers/STM32F4xx_HAL_Driver/Inc/Legacy -I../Drivers/CMSIS/Device/ST/STM32F4xx/Include -I../Drivers/CMSIS/Include -I../Middlewares/Third_Party/FreeRTOS/Source/include -I../Middlewares/Third_Party/FreeRTOS/Source/CMSIS_RTOS -I../Middlewares/Third_Party/FreeRTOS/Source/portable/GCC/ARM_CM4F -I"D:/Nam_4/KI_II/Thiet_ke_so_va_lap_trinh_nhung/FC_freeRtosv2/version2/TraceRecorderSource/include" -I"D:/Nam_4/KI_II/Thiet_ke_so_va_lap_trinh_nhung/FC_freeRtosv2/version2/TraceRecorderSource/config" -I"D:/Nam_4/KI_II/Thiet_ke_so_va_lap_trinh_nhung/FC_freeRtosv2/version2/TraceRecorderSource/kernelports/FreeRTOS/include" -I"D:/Nam_4/KI_II/Thiet_ke_so_va_lap_trinh_nhung/FC_freeRtosv2/version2/TraceRecorderSource/kernelports/FreeRTOS/config" -I"D:/Nam_4/KI_II/Thiet_ke_so_va_lap_trinh_nhung/FC_freeRtosv2/version2/TraceRecorderSource/streamports/RingBuffer/config" -I"D:/Nam_4/KI_II/Thiet_ke_so_va_lap_trinh_nhung/FC_freeRtosv2/version2/TraceRecorderSource/streamports/RingBuffer/include" -O0 -ffunction-sections -fdata-sections -Wall -fstack-usage -fcyclomatic-complexity -MMD -MP -MF"Middlewares/Third_Party/FreeRTOS/Source/queue.d" -MT"Middlewares/Third_Party/FreeRTOS/Source/queue.o" --specs=nano.specs -mfpu=fpv4-sp-d16 -mfloat-abi=hard -mthumb -o "Middlewares/Third_Party/FreeRTOS/Source/queue.o"
arm-none-eabi-gcc "../Middlewares/Third_Party/FreeRTOS/Source/stream_buffer.c" -mcpu=cortex-m4 -std=gnu11 -g3 -DDEBUG -DUSE_HAL_DRIVER -DSTM32F411xE -c -I../Core/Inc -I../Drivers/STM32F4xx_HAL_Driver/Inc -I../Drivers/STM32F4xx_HAL_Driver/Inc/Legacy -I../Drivers/CMSIS/Device/ST/STM32F4xx/Include -I../Drivers/CMSIS/Include -I../Middlewares/Third_Party/FreeRTOS/Source/include -I../Middlewares/Third_Party/FreeRTOS/Source/CMSIS_RTOS -I../Middlewares/Third_Party/FreeRTOS/Source/portable/GCC/ARM_CM4F -I"D:/Nam_4/KI_II/Thiet_ke_so_va_lap_trinh_nhung/FC_freeRtosv2/version2/TraceRecorderSource/include" -I"D:/Nam_4/KI_II/Thiet_ke_so_va_lap_trinh_nhung/FC_freeRtosv2/version2/TraceRecorderSource/config" -I"D:/Nam_4/KI_II/Thiet_ke_so_va_lap_trinh_nhung/FC_freeRtosv2/version2/TraceRecorderSource/kernelports/FreeRTOS/include" -I"D:/Nam_4/KI_II/Thiet_ke_so_va_lap_trinh_nhung/FC_freeRtosv2/version2/TraceRecorderSource/kernelports/FreeRTOS/config" -I"D:/Nam_4/KI_II/Thiet_ke_so_va_lap_trinh_nhung/FC_freeRtosv2/version2/TraceRecorderSource/streamports/RingBuffer/config" -I"D:/Nam_4/KI_II/Thiet_ke_so_va_lap_trinh_nhung/FC_freeRtosv2/version2/TraceRecorderSource/streamports/RingBuffer/include" -O0 -ffunction-sections -fdata-sections -Wall -fstack-usage -fcyclomatic-complexity -MMD -MP -MF"Middlewares/Third_Party/FreeRTOS/Source/stream_buffer.d" -MT"Middlewares/Third_Party/FreeRTOS/Source/stream_buffer.o" --specs=nano.specs -mfpu=fpv4-sp-d16 -mfloat-abi=hard -mthumb -o "Middlewares/Third_Party/FreeRTOS/Source/stream_buffer.o"
arm-none-eabi-gcc "../Middlewares/Third_Party/FreeRTOS/Source/tasks.c" -mcpu=cortex-m4 -std=gnu11 -g3 -DDEBUG -DUSE_HAL_DRIVER -DSTM32F411xE -c -I../Core/Inc -I../Drivers/STM32F4xx_HAL_Driver/Inc -I../Drivers/STM32F4xx_HAL_Driver/Inc/Legacy -I../Drivers/CMSIS/Device/ST/STM32F4xx/Include -I../Drivers/CMSIS/Include -I../Middlewares/Third_Party/FreeRTOS/Source/include -I../Middlewares/Third_Party/FreeRTOS/Source/CMSIS_RTOS -I../Middlewares/Third_Party/FreeRTOS/Source/portable/GCC/ARM_CM4F -I"D:/Nam_4/KI_II/Thiet_ke_so_va_lap_trinh_nhung/FC_freeRtosv2/version2/TraceRecorderSource/include" -I"D:/Nam_4/KI_II/Thiet_ke_so_va_lap_trinh_nhung/FC_freeRtosv2/version2/TraceRecorderSource/config" -I"D:/Nam_4/KI_II/Thiet_ke_so_va_lap_trinh_nhung/FC_freeRtosv2/version2/TraceRecorderSource/kernelports/FreeRTOS/include" -I"D:/Nam_4/KI_II/Thiet_ke_so_va_lap_trinh_nhung/FC_freeRtosv2/version2/TraceRecorderSource/kernelports/FreeRTOS/config" -I"D:/Nam_4/KI_II/Thiet_ke_so_va_lap_trinh_nhung/FC_freeRtosv2/version2/TraceRecorderSource/streamports/RingBuffer/config" -I"D:/Nam_4/KI_II/Thiet_ke_so_va_lap_trinh_nhung/FC_freeRtosv2/version2/TraceRecorderSource/streamports/RingBuffer/include" -O0 -ffunction-sections -fdata-sections -Wall -fstack-usage -fcyclomatic-complexity -MMD -MP -MF"Middlewares/Third_Party/FreeRTOS/Source/tasks.d" -MT"Middlewares/Third_Party/FreeRTOS/Source/tasks.o" --specs=nano.specs -mfpu=fpv4-sp-d16 -mfloat-abi=hard -mthumb -o "Middlewares/Third_Party/FreeRTOS/Source/tasks.o"
arm-none-eabi-gcc "../Middlewares/Third_Party/FreeRTOS/Source/timers.c" -mcpu=cortex-m4 -std=gnu11 -g3 -DDEBUG -DUSE_HAL_DRIVER -DSTM32F411xE -c -I../Core/Inc -I../Drivers/STM32F4xx_HAL_Driver/Inc -I../Drivers/STM32F4xx_HAL_Driver/Inc/Legacy -I../Drivers/CMSIS/Device/ST/STM32F4xx/Include -I../Drivers/CMSIS/Include -I../Middlewares/Third_Party/FreeRTOS/Source/include -I../Middlewares/Third_Party/FreeRTOS/Source/CMSIS_RTOS -I../Middlewares/Third_Party/FreeRTOS/Source/portable/GCC/ARM_CM4F -I"D:/Nam_4/KI_II/Thiet_ke_so_va_lap_trinh_nhung/FC_freeRtosv2/version2/TraceRecorderSource/include" -I"D:/Nam_4/KI_II/Thiet_ke_so_va_lap_trinh_nhung/FC_freeRtosv2/version2/TraceRecorderSource/config" -I"D:/Nam_4/KI_II/Thiet_ke_so_va_lap_trinh_nhung/FC_freeRtosv2/version2/TraceRecorderSource/kernelports/FreeRTOS/include" -I"D:/Nam_4/KI_II/Thiet_ke_so_va_lap_trinh_nhung/FC_freeRtosv2/version2/TraceRecorderSource/kernelports/FreeRTOS/config" -I"D:/Nam_4/KI_II/Thiet_ke_so_va_lap_trinh_nhung/FC_freeRtosv2/version2/TraceRecorderSource/streamports/RingBuffer/config" -I"D:/Nam_4/KI_II/Thiet_ke_so_va_lap_trinh_nhung/FC_freeRtosv2/version2/TraceRecorderSource/streamports/RingBuffer/include" -O0 -ffunction-sections -fdata-sections -Wall -fstack-usage -fcyclomatic-complexity -MMD -MP -MF"Middlewares/Third_Party/FreeRTOS/Source/timers.d" -MT"Middlewares/Third_Party/FreeRTOS/Source/timers.o" --specs=nano.specs -mfpu=fpv4-sp-d16 -mfloat-abi=hard -mthumb -o "Middlewares/Third_Party/FreeRTOS/Source/timers.o"
arm-none-eabi-gcc "../Drivers/STM32F4xx_HAL_Driver/Src/stm32f4xx_hal.c" -mcpu=cortex-m4 -std=gnu11 -g3 -DDEBUG -DUSE_HAL_DRIVER -DSTM32F411xE -c -I../Core/Inc -I../Drivers/STM32F4xx_HAL_Driver/Inc -I../Drivers/STM32F4xx_HAL_Driver/Inc/Legacy -I../Drivers/CMSIS/Device/ST/STM32F4xx/Include -I../Drivers/CMSIS/Include -I../Middlewares/Third_Party/FreeRTOS/Source/include -I../Middlewares/Third_Party/FreeRTOS/Source/CMSIS_RTOS -I../Middlewares/Third_Party/FreeRTOS/Source/portable/GCC/ARM_CM4F -I"D:/Nam_4/KI_II/Thiet_ke_so_va_lap_trinh_nhung/FC_freeRtosv2/version2/TraceRecorderSource/include" -I"D:/Nam_4/KI_II/Thiet_ke_so_va_lap_trinh_nhung/FC_freeRtosv2/version2/TraceRecorderSource/config" -I"D:/Nam_4/KI_II/Thiet_ke_so_va_lap_trinh_nhung/FC_freeRtosv2/version2/TraceRecorderSource/kernelports/FreeRTOS/include" -I"D:/Nam_4/KI_II/Thiet_ke_so_va_lap_trinh_nhung/FC_freeRtosv2/version2/TraceRecorderSource/kernelports/FreeRTOS/config" -I"D:/Nam_4/KI_II/Thiet_ke_so_va_lap_trinh_nhung/FC_freeRtosv2/version2/TraceRecorderSource/streamports/RingBuffer/config" -I"D:/Nam_4/KI_II/Thiet_ke_so_va_lap_trinh_nhung/FC_freeRtosv2/version2/TraceRecorderSource/streamports/RingBuffer/include" -O0 -ffunction-sections -fdata-sections -Wall -fstack-usage -fcyclomatic-complexity -MMD -MP -MF"Drivers/STM32F4xx_HAL_Driver/Src/stm32f4xx_hal.d" -MT"Drivers/STM32F4xx_HAL_Driver/Src/stm32f4xx_hal.o" --specs=nano.specs -mfpu=fpv4-sp-d16 -mfloat-abi=hard -mthumb -o "Drivers/STM32F4xx_HAL_Driver/Src/stm32f4xx_hal.o"
arm-none-eabi-gcc "../Drivers/STM32F4xx_HAL_Driver/Src/stm32f4xx_hal_cortex.c" -mcpu=cortex-m4 -std=gnu11 -g3 -DDEBUG -DUSE_HAL_DRIVER -DSTM32F411xE -c -I../Core/Inc -I../Drivers/STM32F4xx_HAL_Driver/Inc -I../Drivers/STM32F4xx_HAL_Driver/Inc/Legacy -I../Drivers/CMSIS/Device/ST/STM32F4xx/Include -I../Drivers/CMSIS/Include -I../Middlewares/Third_Party/FreeRTOS/Source/include -I../Middlewares/Third_Party/FreeRTOS/Source/CMSIS_RTOS -I../Middlewares/Third_Party/FreeRTOS/Source/portable/GCC/ARM_CM4F -I"D:/Nam_4/KI_II/Thiet_ke_so_va_lap_trinh_nhung/FC_freeRtosv2/version2/TraceRecorderSource/include" -I"D:/Nam_4/KI_II/Thiet_ke_so_va_lap_trinh_nhung/FC_freeRtosv2/version2/TraceRecorderSource/config" -I"D:/Nam_4/KI_II/Thiet_ke_so_va_lap_trinh_nhung/FC_freeRtosv2/version2/TraceRecorderSource/kernelports/FreeRTOS/include" -I"D:/Nam_4/KI_II/Thiet_ke_so_va_lap_trinh_nhung/FC_freeRtosv2/version2/TraceRecorderSource/kernelports/FreeRTOS/config" -I"D:/Nam_4/KI_II/Thiet_ke_so_va_lap_trinh_nhung/FC_freeRtosv2/version2/TraceRecorderSource/streamports/RingBuffer/config" -I"D:/Nam_4/KI_II/Thiet_ke_so_va_lap_trinh_nhung/FC_freeRtosv2/version2/TraceRecorderSource/streamports/RingBuffer/include" -O0 -ffunction-sections -fdata-sections -Wall -fstack-usage -fcyclomatic-complexity -MMD -MP -MF"Drivers/STM32F4xx_HAL_Driver/Src/stm32f4xx_hal_cortex.d" -MT"Drivers/STM32F4xx_HAL_Driver/Src/stm32f4xx_hal_cortex.o" --specs=nano.specs -mfpu=fpv4-sp-d16 -mfloat-abi=hard -mthumb -o "Drivers/STM32F4xx_HAL_Driver/Src/stm32f4xx_hal_cortex.o"
arm-none-eabi-gcc "../Drivers/STM32F4xx_HAL_Driver/Src/stm32f4xx_hal_dma.c" -mcpu=cortex-m4 -std=gnu11 -g3 -DDEBUG -DUSE_HAL_DRIVER -DSTM32F411xE -c -I../Core/Inc -I../Drivers/STM32F4xx_HAL_Driver/Inc -I../Drivers/STM32F4xx_HAL_Driver/Inc/Legacy -I../Drivers/CMSIS/Device/ST/STM32F4xx/Include -I../Drivers/CMSIS/Include -I../Middlewares/Third_Party/FreeRTOS/Source/include -I../Middlewares/Third_Party/FreeRTOS/Source/CMSIS_RTOS -I../Middlewares/Third_Party/FreeRTOS/Source/portable/GCC/ARM_CM4F -I"D:/Nam_4/KI_II/Thiet_ke_so_va_lap_trinh_nhung/FC_freeRtosv2/version2/TraceRecorderSource/include" -I"D:/Nam_4/KI_II/Thiet_ke_so_va_lap_trinh_nhung/FC_freeRtosv2/version2/TraceRecorderSource/config" -I"D:/Nam_4/KI_II/Thiet_ke_so_va_lap_trinh_nhung/FC_freeRtosv2/version2/TraceRecorderSource/kernelports/FreeRTOS/include" -I"D:/Nam_4/KI_II/Thiet_ke_so_va_lap_trinh_nhung/FC_freeRtosv2/version2/TraceRecorderSource/kernelports/FreeRTOS/config" -I"D:/Nam_4/KI_II/Thiet_ke_so_va_lap_trinh_nhung/FC_freeRtosv2/version2/TraceRecorderSource/streamports/RingBuffer/config" -I"D:/Nam_4/KI_II/Thiet_ke_so_va_lap_trinh_nhung/FC_freeRtosv2/version2/TraceRecorderSource/streamports/RingBuffer/include" -O0 -ffunction-sections -fdata-sections -Wall -fstack-usage -fcyclomatic-complexity -MMD -MP -MF"Drivers/STM32F4xx_HAL_Driver/Src/stm32f4xx_hal_dma.d" -MT"Drivers/STM32F4xx_HAL_Driver/Src/stm32f4xx_hal_dma.o" --specs=nano.specs -mfpu=fpv4-sp-d16 -mfloat-abi=hard -mthumb -o "Drivers/STM32F4xx_HAL_Driver/Src/stm32f4xx_hal_dma.o"
arm-none-eabi-gcc "../Drivers/STM32F4xx_HAL_Driver/Src/stm32f4xx_hal_dma_ex.c" -mcpu=cortex-m4 -std=gnu11 -g3 -DDEBUG -DUSE_HAL_DRIVER -DSTM32F411xE -c -I../Core/Inc -I../Drivers/STM32F4xx_HAL_Driver/Inc -I../Drivers/STM32F4xx_HAL_Driver/Inc/Legacy -I../Drivers/CMSIS/Device/ST/STM32F4xx/Include -I../Drivers/CMSIS/Include -I../Middlewares/Third_Party/FreeRTOS/Source/include -I../Middlewares/Third_Party/FreeRTOS/Source/CMSIS_RTOS -I../Middlewares/Third_Party/FreeRTOS/Source/portable/GCC/ARM_CM4F -I"D:/Nam_4/KI_II/Thiet_ke_so_va_lap_trinh_nhung/FC_freeRtosv2/version2/TraceRecorderSource/include" -I"D:/Nam_4/KI_II/Thiet_ke_so_va_lap_trinh_nhung/FC_freeRtosv2/version2/TraceRecorderSource/config" -I"D:/Nam_4/KI_II/Thiet_ke_so_va_lap_trinh_nhung/FC_freeRtosv2/version2/TraceRecorderSource/kernelports/FreeRTOS/include" -I"D:/Nam_4/KI_II/Thiet_ke_so_va_lap_trinh_nhung/FC_freeRtosv2/version2/TraceRecorderSource/kernelports/FreeRTOS/config" -I"D:/Nam_4/KI_II/Thiet_ke_so_va_lap_trinh_nhung/FC_freeRtosv2/version2/TraceRecorderSource/streamports/RingBuffer/config" -I"D:/Nam_4/KI_II/Thiet_ke_so_va_lap_trinh_nhung/FC_freeRtosv2/version2/TraceRecorderSource/streamports/RingBuffer/include" -O0 -ffunction-sections -fdata-sections -Wall -fstack-usage -fcyclomatic-complexity -MMD -MP -MF"Drivers/STM32F4xx_HAL_Driver/Src/stm32f4xx_hal_dma_ex.d" -MT"Drivers/STM32F4xx_HAL_Driver/Src/stm32f4xx_hal_dma_ex.o" --specs=nano.specs -mfpu=fpv4-sp-d16 -mfloat-abi=hard -mthumb -o "Drivers/STM32F4xx_HAL_Driver/Src/stm32f4xx_hal_dma_ex.o"
arm-none-eabi-gcc "../Drivers/STM32F4xx_HAL_Driver/Src/stm32f4xx_hal_exti.c" -mcpu=cortex-m4 -std=gnu11 -g3 -DDEBUG -DUSE_HAL_DRIVER -DSTM32F411xE -c -I../Core/Inc -I../Drivers/STM32F4xx_HAL_Driver/Inc -I../Drivers/STM32F4xx_HAL_Driver/Inc/Legacy -I../Drivers/CMSIS/Device/ST/STM32F4xx/Include -I../Drivers/CMSIS/Include -I../Middlewares/Third_Party/FreeRTOS/Source/include -I../Middlewares/Third_Party/FreeRTOS/Source/CMSIS_RTOS -I../Middlewares/Third_Party/FreeRTOS/Source/portable/GCC/ARM_CM4F -I"D:/Nam_4/KI_II/Thiet_ke_so_va_lap_trinh_nhung/FC_freeRtosv2/version2/TraceRecorderSource/include" -I"D:/Nam_4/KI_II/Thiet_ke_so_va_lap_trinh_nhung/FC_freeRtosv2/version2/TraceRecorderSource/config" -I"D:/Nam_4/KI_II/Thiet_ke_so_va_lap_trinh_nhung/FC_freeRtosv2/version2/TraceRecorderSource/kernelports/FreeRTOS/include" -I"D:/Nam_4/KI_II/Thiet_ke_so_va_lap_trinh_nhung/FC_freeRtosv2/version2/TraceRecorderSource/kernelports/FreeRTOS/config" -I"D:/Nam_4/KI_II/Thiet_ke_so_va_lap_trinh_nhung/FC_freeRtosv2/version2/TraceRecorderSource/streamports/RingBuffer/config" -I"D:/Nam_4/KI_II/Thiet_ke_so_va_lap_trinh_nhung/FC_freeRtosv2/version2/TraceRecorderSource/streamports/RingBuffer/include" -O0 -ffunction-sections -fdata-sections -Wall -fstack-usage -fcyclomatic-complexity -MMD -MP -MF"Drivers/STM32F4xx_HAL_Driver/Src/stm32f4xx_hal_exti.d" -MT"Drivers/STM32F4xx_HAL_Driver/Src/stm32f4xx_hal_exti.o" --specs=nano.specs -mfpu=fpv4-sp-d16 -mfloat-abi=hard -mthumb -o "Drivers/STM32F4xx_HAL_Driver/Src/stm32f4xx_hal_exti.o"
arm-none-eabi-gcc "../Drivers/STM32F4xx_HAL_Driver/Src/stm32f4xx_hal_flash.c" -mcpu=cortex-m4 -std=gnu11 -g3 -DDEBUG -DUSE_HAL_DRIVER -DSTM32F411xE -c -I../Core/Inc -I../Drivers/STM32F4xx_HAL_Driver/Inc -I../Drivers/STM32F4xx_HAL_Driver/Inc/Legacy -I../Drivers/CMSIS/Device/ST/STM32F4xx/Include -I../Drivers/CMSIS/Include -I../Middlewares/Third_Party/FreeRTOS/Source/include -I../Middlewares/Third_Party/FreeRTOS/Source/CMSIS_RTOS -I../Middlewares/Third_Party/FreeRTOS/Source/portable/GCC/ARM_CM4F -I"D:/Nam_4/KI_II/Thiet_ke_so_va_lap_trinh_nhung/FC_freeRtosv2/version2/TraceRecorderSource/include" -I"D:/Nam_4/KI_II/Thiet_ke_so_va_lap_trinh_nhung/FC_freeRtosv2/version2/TraceRecorderSource/config" -I"D:/Nam_4/KI_II/Thiet_ke_so_va_lap_trinh_nhung/FC_freeRtosv2/version2/TraceRecorderSource/kernelports/FreeRTOS/include" -I"D:/Nam_4/KI_II/Thiet_ke_so_va_lap_trinh_nhung/FC_freeRtosv2/version2/TraceRecorderSource/kernelports/FreeRTOS/config" -I"D:/Nam_4/KI_II/Thiet_ke_so_va_lap_trinh_nhung/FC_freeRtosv2/version2/TraceRecorderSource/streamports/RingBuffer/config" -I"D:/Nam_4/KI_II/Thiet_ke_so_va_lap_trinh_nhung/FC_freeRtosv2/version2/TraceRecorderSource/streamports/RingBuffer/include" -O0 -ffunction-sections -fdata-sections -Wall -fstack-usage -fcyclomatic-complexity -MMD -MP -MF"Drivers/STM32F4xx_HAL_Driver/Src/stm32f4xx_hal_flash.d" -MT"Drivers/STM32F4xx_HAL_Driver/Src/stm32f4xx_hal_flash.o" --specs=nano.specs -mfpu=fpv4-sp-d16 -mfloat-abi=hard -mthumb -o "Drivers/STM32F4xx_HAL_Driver/Src/stm32f4xx_hal_flash.o"
arm-none-eabi-gcc "../Drivers/STM32F4xx_HAL_Driver/Src/stm32f4xx_hal_flash_ex.c" -mcpu=cortex-m4 -std=gnu11 -g3 -DDEBUG -DUSE_HAL_DRIVER -DSTM32F411xE -c -I../Core/Inc -I../Drivers/STM32F4xx_HAL_Driver/Inc -I../Drivers/STM32F4xx_HAL_Driver/Inc/Legacy -I../Drivers/CMSIS/Device/ST/STM32F4xx/Include -I../Drivers/CMSIS/Include -I../Middlewares/Third_Party/FreeRTOS/Source/include -I../Middlewares/Third_Party/FreeRTOS/Source/CMSIS_RTOS -I../Middlewares/Third_Party/FreeRTOS/Source/portable/GCC/ARM_CM4F -I"D:/Nam_4/KI_II/Thiet_ke_so_va_lap_trinh_nhung/FC_freeRtosv2/version2/TraceRecorderSource/include" -I"D:/Nam_4/KI_II/Thiet_ke_so_va_lap_trinh_nhung/FC_freeRtosv2/version2/TraceRecorderSource/config" -I"D:/Nam_4/KI_II/Thiet_ke_so_va_lap_trinh_nhung/FC_freeRtosv2/version2/TraceRecorderSource/kernelports/FreeRTOS/include" -I"D:/Nam_4/KI_II/Thiet_ke_so_va_lap_trinh_nhung/FC_freeRtosv2/version2/TraceRecorderSource/kernelports/FreeRTOS/config" -I"D:/Nam_4/KI_II/Thiet_ke_so_va_lap_trinh_nhung/FC_freeRtosv2/version2/TraceRecorderSource/streamports/RingBuffer/config" -I"D:/Nam_4/KI_II/Thiet_ke_so_va_lap_trinh_nhung/FC_freeRtosv2/version2/TraceRecorderSource/streamports/RingBuffer/include" -O0 -ffunction-sections -fdata-sections -Wall -fstack-usage -fcyclomatic-complexity -MMD -MP -MF"Drivers/STM32F4xx_HAL_Driver/Src/stm32f4xx_hal_flash_ex.d" -MT"Drivers/STM32F4xx_HAL_Driver/Src/stm32f4xx_hal_flash_ex.o" --specs=nano.specs -mfpu=fpv4-sp-d16 -mfloat-abi=hard -mthumb -o "Drivers/STM32F4xx_HAL_Driver/Src/stm32f4xx_hal_flash_ex.o"
arm-none-eabi-gcc "../Drivers/STM32F4xx_HAL_Driver/Src/stm32f4xx_hal_flash_ramfunc.c" -mcpu=cortex-m4 -std=gnu11 -g3 -DDEBUG -DUSE_HAL_DRIVER -DSTM32F411xE -c -I../Core/Inc -I../Drivers/STM32F4xx_HAL_Driver/Inc -I../Drivers/STM32F4xx_HAL_Driver/Inc/Legacy -I../Drivers/CMSIS/Device/ST/STM32F4xx/Include -I../Drivers/CMSIS/Include -I../Middlewares/Third_Party/FreeRTOS/Source/include -I../Middlewares/Third_Party/FreeRTOS/Source/CMSIS_RTOS -I../Middlewares/Third_Party/FreeRTOS/Source/portable/GCC/ARM_CM4F -I"D:/Nam_4/KI_II/Thiet_ke_so_va_lap_trinh_nhung/FC_freeRtosv2/version2/TraceRecorderSource/include" -I"D:/Nam_4/KI_II/Thiet_ke_so_va_lap_trinh_nhung/FC_freeRtosv2/version2/TraceRecorderSource/config" -I"D:/Nam_4/KI_II/Thiet_ke_so_va_lap_trinh_nhung/FC_freeRtosv2/version2/TraceRecorderSource/kernelports/FreeRTOS/include" -I"D:/Nam_4/KI_II/Thiet_ke_so_va_lap_trinh_nhung/FC_freeRtosv2/version2/TraceRecorderSource/kernelports/FreeRTOS/config" -I"D:/Nam_4/KI_II/Thiet_ke_so_va_lap_trinh_nhung/FC_freeRtosv2/version2/TraceRecorderSource/streamports/RingBuffer/config" -I"D:/Nam_4/KI_II/Thiet_ke_so_va_lap_trinh_nhung/FC_freeRtosv2/version2/TraceRecorderSource/streamports/RingBuffer/include" -O0 -ffunction-sections -fdata-sections -Wall -fstack-usage -fcyclomatic-complexity -MMD -MP -MF"Drivers/STM32F4xx_HAL_Driver/Src/stm32f4xx_hal_flash_ramfunc.d" -MT"Drivers/STM32F4xx_HAL_Driver/Src/stm32f4xx_hal_flash_ramfunc.o" --specs=nano.specs -mfpu=fpv4-sp-d16 -mfloat-abi=hard -mthumb -o "Drivers/STM32F4xx_HAL_Driver/Src/stm32f4xx_hal_flash_ramfunc.o"
arm-none-eabi-gcc "../Drivers/STM32F4xx_HAL_Driver/Src/stm32f4xx_hal_gpio.c" -mcpu=cortex-m4 -std=gnu11 -g3 -DDEBUG -DUSE_HAL_DRIVER -DSTM32F411xE -c -I../Core/Inc -I../Drivers/STM32F4xx_HAL_Driver/Inc -I../Drivers/STM32F4xx_HAL_Driver/Inc/Legacy -I../Drivers/CMSIS/Device/ST/STM32F4xx/Include -I../Drivers/CMSIS/Include -I../Middlewares/Third_Party/FreeRTOS/Source/include -I../Middlewares/Third_Party/FreeRTOS/Source/CMSIS_RTOS -I../Middlewares/Third_Party/FreeRTOS/Source/portable/GCC/ARM_CM4F -I"D:/Nam_4/KI_II/Thiet_ke_so_va_lap_trinh_nhung/FC_freeRtosv2/version2/TraceRecorderSource/include" -I"D:/Nam_4/KI_II/Thiet_ke_so_va_lap_trinh_nhung/FC_freeRtosv2/version2/TraceRecorderSource/config" -I"D:/Nam_4/KI_II/Thiet_ke_so_va_lap_trinh_nhung/FC_freeRtosv2/version2/TraceRecorderSource/kernelports/FreeRTOS/include" -I"D:/Nam_4/KI_II/Thiet_ke_so_va_lap_trinh_nhung/FC_freeRtosv2/version2/TraceRecorderSource/kernelports/FreeRTOS/config" -I"D:/Nam_4/KI_II/Thiet_ke_so_va_lap_trinh_nhung/FC_freeRtosv2/version2/TraceRecorderSource/streamports/RingBuffer/config" -I"D:/Nam_4/KI_II/Thiet_ke_so_va_lap_trinh_nhung/FC_freeRtosv2/version2/TraceRecorderSource/streamports/RingBuffer/include" -O0 -ffunction-sections -fdata-sections -Wall -fstack-usage -fcyclomatic-complexity -MMD -MP -MF"Drivers/STM32F4xx_HAL_Driver/Src/stm32f4xx_hal_gpio.d" -MT"Drivers/STM32F4xx_HAL_Driver/Src/stm32f4xx_hal_gpio.o" --specs=nano.specs -mfpu=fpv4-sp-d16 -mfloat-abi=hard -mthumb -o "Drivers/STM32F4xx_HAL_Driver/Src/stm32f4xx_hal_gpio.o"
arm-none-eabi-gcc "../Drivers/STM32F4xx_HAL_Driver/Src/stm32f4xx_hal_i2c.c" -mcpu=cortex-m4 -std=gnu11 -g3 -DDEBUG -DUSE_HAL_DRIVER -DSTM32F411xE -c -I../Core/Inc -I../Drivers/STM32F4xx_HAL_Driver/Inc -I../Drivers/STM32F4xx_HAL_Driver/Inc/Legacy -I../Drivers/CMSIS/Device/ST/STM32F4xx/Include -I../Drivers/CMSIS/Include -I../Middlewares/Third_Party/FreeRTOS/Source/include -I../Middlewares/Third_Party/FreeRTOS/Source/CMSIS_RTOS -I../Middlewares/Third_Party/FreeRTOS/Source/portable/GCC/ARM_CM4F -I"D:/Nam_4/KI_II/Thiet_ke_so_va_lap_trinh_nhung/FC_freeRtosv2/version2/TraceRecorderSource/include" -I"D:/Nam_4/KI_II/Thiet_ke_so_va_lap_trinh_nhung/FC_freeRtosv2/version2/TraceRecorderSource/config" -I"D:/Nam_4/KI_II/Thiet_ke_so_va_lap_trinh_nhung/FC_freeRtosv2/version2/TraceRecorderSource/kernelports/FreeRTOS/include" -I"D:/Nam_4/KI_II/Thiet_ke_so_va_lap_trinh_nhung/FC_freeRtosv2/version2/TraceRecorderSource/kernelports/FreeRTOS/config" -I"D:/Nam_4/KI_II/Thiet_ke_so_va_lap_trinh_nhung/FC_freeRtosv2/version2/TraceRecorderSource/streamports/RingBuffer/config" -I"D:/Nam_4/KI_II/Thiet_ke_so_va_lap_trinh_nhung/FC_freeRtosv2/version2/TraceRecorderSource/streamports/RingBuffer/include" -O0 -ffunction-sections -fdata-sections -Wall -fstack-usage -fcyclomatic-complexity -MMD -MP -MF"Drivers/STM32F4xx_HAL_Driver/Src/stm32f4xx_hal_i2c.d" -MT"Drivers/STM32F4xx_HAL_Driver/Src/stm32f4xx_hal_i2c.o" --specs=nano.specs -mfpu=fpv4-sp-d16 -mfloat-abi=hard -mthumb -o "Drivers/STM32F4xx_HAL_Driver/Src/stm32f4xx_hal_i2c.o"
arm-none-eabi-gcc "../Drivers/STM32F4xx_HAL_Driver/Src/stm32f4xx_hal_i2c_ex.c" -mcpu=cortex-m4 -std=gnu11 -g3 -DDEBUG -DUSE_HAL_DRIVER -DSTM32F411xE -c -I../Core/Inc -I../Drivers/STM32F4xx_HAL_Driver/Inc -I../Drivers/STM32F4xx_HAL_Driver/Inc/Legacy -I../Drivers/CMSIS/Device/ST/STM32F4xx/Include -I../Drivers/CMSIS/Include -I../Middlewares/Third_Party/FreeRTOS/Source/include -I../Middlewares/Third_Party/FreeRTOS/Source/CMSIS_RTOS -I../Middlewares/Third_Party/FreeRTOS/Source/portable/GCC/ARM_CM4F -I"D:/Nam_4/KI_II/Thiet_ke_so_va_lap_trinh_nhung/FC_freeRtosv2/version2/TraceRecorderSource/include" -I"D:/Nam_4/KI_II/Thiet_ke_so_va_lap_trinh_nhung/FC_freeRtosv2/version2/TraceRecorderSource/config" -I"D:/Nam_4/KI_II/Thiet_ke_so_va_lap_trinh_nhung/FC_freeRtosv2/version2/TraceRecorderSource/kernelports/FreeRTOS/include" -I"D:/Nam_4/KI_II/Thiet_ke_so_va_lap_trinh_nhung/FC_freeRtosv2/version2/TraceRecorderSource/kernelports/FreeRTOS/config" -I"D:/Nam_4/KI_II/Thiet_ke_so_va_lap_trinh_nhung/FC_freeRtosv2/version2/TraceRecorderSource/streamports/RingBuffer/config" -I"D:/Nam_4/KI_II/Thiet_ke_so_va_lap_trinh_nhung/FC_freeRtosv2/version2/TraceRecorderSource/streamports/RingBuffer/include" -O0 -ffunction-sections -fdata-sections -Wall -fstack-usage -fcyclomatic-complexity -MMD -MP -MF"Drivers/STM32F4xx_HAL_Driver/Src/stm32f4xx_hal_i2c_ex.d" -MT"Drivers/STM32F4xx_HAL_Driver/Src/stm32f4xx_hal_i2c_ex.o" --specs=nano.specs -mfpu=fpv4-sp-d16 -mfloat-abi=hard -mthumb -o "Drivers/STM32F4xx_HAL_Driver/Src/stm32f4xx_hal_i2c_ex.o"
arm-none-eabi-gcc "../Drivers/STM32F4xx_HAL_Driver/Src/stm32f4xx_hal_pwr.c" -mcpu=cortex-m4 -std=gnu11 -g3 -DDEBUG -DUSE_HAL_DRIVER -DSTM32F411xE -c -I../Core/Inc -I../Drivers/STM32F4xx_HAL_Driver/Inc -I../Drivers/STM32F4xx_HAL_Driver/Inc/Legacy -I../Drivers/CMSIS/Device/ST/STM32F4xx/Include -I../Drivers/CMSIS/Include -I../Middlewares/Third_Party/FreeRTOS/Source/include -I../Middlewares/Third_Party/FreeRTOS/Source/CMSIS_RTOS -I../Middlewares/Third_Party/FreeRTOS/Source/portable/GCC/ARM_CM4F -I"D:/Nam_4/KI_II/Thiet_ke_so_va_lap_trinh_nhung/FC_freeRtosv2/version2/TraceRecorderSource/include" -I"D:/Nam_4/KI_II/Thiet_ke_so_va_lap_trinh_nhung/FC_freeRtosv2/version2/TraceRecorderSource/config" -I"D:/Nam_4/KI_II/Thiet_ke_so_va_lap_trinh_nhung/FC_freeRtosv2/version2/TraceRecorderSource/kernelports/FreeRTOS/include" -I"D:/Nam_4/KI_II/Thiet_ke_so_va_lap_trinh_nhung/FC_freeRtosv2/version2/TraceRecorderSource/kernelports/FreeRTOS/config" -I"D:/Nam_4/KI_II/Thiet_ke_so_va_lap_trinh_nhung/FC_freeRtosv2/version2/TraceRecorderSource/streamports/RingBuffer/config" -I"D:/Nam_4/KI_II/Thiet_ke_so_va_lap_trinh_nhung/FC_freeRtosv2/version2/TraceRecorderSource/streamports/RingBuffer/include" -O0 -ffunction-sections -fdata-sections -Wall -fstack-usage -fcyclomatic-complexity -MMD -MP -MF"Drivers/STM32F4xx_HAL_Driver/Src/stm32f4xx_hal_pwr.d" -MT"Drivers/STM32F4xx_HAL_Driver/Src/stm32f4xx_hal_pwr.o" --specs=nano.specs -mfpu=fpv4-sp-d16 -mfloat-abi=hard -mthumb -o "Drivers/STM32F4xx_HAL_Driver/Src/stm32f4xx_hal_pwr.o"
arm-none-eabi-gcc "../Drivers/STM32F4xx_HAL_Driver/Src/stm32f4xx_hal_pwr_ex.c" -mcpu=cortex-m4 -std=gnu11 -g3 -DDEBUG -DUSE_HAL_DRIVER -DSTM32F411xE -c -I../Core/Inc -I../Drivers/STM32F4xx_HAL_Driver/Inc -I../Drivers/STM32F4xx_HAL_Driver/Inc/Legacy -I../Drivers/CMSIS/Device/ST/STM32F4xx/Include -I../Drivers/CMSIS/Include -I../Middlewares/Third_Party/FreeRTOS/Source/include -I../Middlewares/Third_Party/FreeRTOS/Source/CMSIS_RTOS -I../Middlewares/Third_Party/FreeRTOS/Source/portable/GCC/ARM_CM4F -I"D:/Nam_4/KI_II/Thiet_ke_so_va_lap_trinh_nhung/FC_freeRtosv2/version2/TraceRecorderSource/include" -I"D:/Nam_4/KI_II/Thiet_ke_so_va_lap_trinh_nhung/FC_freeRtosv2/version2/TraceRecorderSource/config" -I"D:/Nam_4/KI_II/Thiet_ke_so_va_lap_trinh_nhung/FC_freeRtosv2/version2/TraceRecorderSource/kernelports/FreeRTOS/include" -I"D:/Nam_4/KI_II/Thiet_ke_so_va_lap_trinh_nhung/FC_freeRtosv2/version2/TraceRecorderSource/kernelports/FreeRTOS/config" -I"D:/Nam_4/KI_II/Thiet_ke_so_va_lap_trinh_nhung/FC_freeRtosv2/version2/TraceRecorderSource/streamports/RingBuffer/config" -I"D:/Nam_4/KI_II/Thiet_ke_so_va_lap_trinh_nhung/FC_freeRtosv2/version2/TraceRecorderSource/streamports/RingBuffer/include" -O0 -ffunction-sections -fdata-sections -Wall -fstack-usage -fcyclomatic-complexity -MMD -MP -MF"Drivers/STM32F4xx_HAL_Driver/Src/stm32f4xx_hal_pwr_ex.d" -MT"Drivers/STM32F4xx_HAL_Driver/Src/stm32f4xx_hal_pwr_ex.o" --specs=nano.specs -mfpu=fpv4-sp-d16 -mfloat-abi=hard -mthumb -o "Drivers/STM32F4xx_HAL_Driver/Src/stm32f4xx_hal_pwr_ex.o"
arm-none-eabi-gcc "../Drivers/STM32F4xx_HAL_Driver/Src/stm32f4xx_hal_rcc.c" -mcpu=cortex-m4 -std=gnu11 -g3 -DDEBUG -DUSE_HAL_DRIVER -DSTM32F411xE -c -I../Core/Inc -I../Drivers/STM32F4xx_HAL_Driver/Inc -I../Drivers/STM32F4xx_HAL_Driver/Inc/Legacy -I../Drivers/CMSIS/Device/ST/STM32F4xx/Include -I../Drivers/CMSIS/Include -I../Middlewares/Third_Party/FreeRTOS/Source/include -I../Middlewares/Third_Party/FreeRTOS/Source/CMSIS_RTOS -I../Middlewares/Third_Party/FreeRTOS/Source/portable/GCC/ARM_CM4F -I"D:/Nam_4/KI_II/Thiet_ke_so_va_lap_trinh_nhung/FC_freeRtosv2/version2/TraceRecorderSource/include" -I"D:/Nam_4/KI_II/Thiet_ke_so_va_lap_trinh_nhung/FC_freeRtosv2/version2/TraceRecorderSource/config" -I"D:/Nam_4/KI_II/Thiet_ke_so_va_lap_trinh_nhung/FC_freeRtosv2/version2/TraceRecorderSource/kernelports/FreeRTOS/include" -I"D:/Nam_4/KI_II/Thiet_ke_so_va_lap_trinh_nhung/FC_freeRtosv2/version2/TraceRecorderSource/kernelports/FreeRTOS/config" -I"D:/Nam_4/KI_II/Thiet_ke_so_va_lap_trinh_nhung/FC_freeRtosv2/version2/TraceRecorderSource/streamports/RingBuffer/config" -I"D:/Nam_4/KI_II/Thiet_ke_so_va_lap_trinh_nhung/FC_freeRtosv2/version2/TraceRecorderSource/streamports/RingBuffer/include" -O0 -ffunction-sections -fdata-sections -Wall -fstack-usage -fcyclomatic-complexity -MMD -MP -MF"Drivers/STM32F4xx_HAL_Driver/Src/stm32f4xx_hal_rcc.d" -MT"Drivers/STM32F4xx_HAL_Driver/Src/stm32f4xx_hal_rcc.o" --specs=nano.specs -mfpu=fpv4-sp-d16 -mfloat-abi=hard -mthumb -o "Drivers/STM32F4xx_HAL_Driver/Src/stm32f4xx_hal_rcc.o"
arm-none-eabi-gcc "../Drivers/STM32F4xx_HAL_Driver/Src/stm32f4xx_hal_rcc_ex.c" -mcpu=cortex-m4 -std=gnu11 -g3 -DDEBUG -DUSE_HAL_DRIVER -DSTM32F411xE -c -I../Core/Inc -I../Drivers/STM32F4xx_HAL_Driver/Inc -I../Drivers/STM32F4xx_HAL_Driver/Inc/Legacy -I../Drivers/CMSIS/Device/ST/STM32F4xx/Include -I../Drivers/CMSIS/Include -I../Middlewares/Third_Party/FreeRTOS/Source/include -I../Middlewares/Third_Party/FreeRTOS/Source/CMSIS_RTOS -I../Middlewares/Third_Party/FreeRTOS/Source/portable/GCC/ARM_CM4F -I"D:/Nam_4/KI_II/Thiet_ke_so_va_lap_trinh_nhung/FC_freeRtosv2/version2/TraceRecorderSource/include" -I"D:/Nam_4/KI_II/Thiet_ke_so_va_lap_trinh_nhung/FC_freeRtosv2/version2/TraceRecorderSource/config" -I"D:/Nam_4/KI_II/Thiet_ke_so_va_lap_trinh_nhung/FC_freeRtosv2/version2/TraceRecorderSource/kernelports/FreeRTOS/include" -I"D:/Nam_4/KI_II/Thiet_ke_so_va_lap_trinh_nhung/FC_freeRtosv2/version2/TraceRecorderSource/kernelports/FreeRTOS/config" -I"D:/Nam_4/KI_II/Thiet_ke_so_va_lap_trinh_nhung/FC_freeRtosv2/version2/TraceRecorderSource/streamports/RingBuffer/config" -I"D:/Nam_4/KI_II/Thiet_ke_so_va_lap_trinh_nhung/FC_freeRtosv2/version2/TraceRecorderSource/streamports/RingBuffer/include" -O0 -ffunction-sections -fdata-sections -Wall -fstack-usage -fcyclomatic-complexity -MMD -MP -MF"Drivers/STM32F4xx_HAL_Driver/Src/stm32f4xx_hal_rcc_ex.d" -MT"Drivers/STM32F4xx_HAL_Driver/Src/stm32f4xx_hal_rcc_ex.o" --specs=nano.specs -mfpu=fpv4-sp-d16 -mfloat-abi=hard -mthumb -o "Drivers/STM32F4xx_HAL_Driver/Src/stm32f4xx_hal_rcc_ex.o"
arm-none-eabi-gcc "../Drivers/STM32F4xx_HAL_Driver/Src/stm32f4xx_hal_tim.c" -mcpu=cortex-m4 -std=gnu11 -g3 -DDEBUG -DUSE_HAL_DRIVER -DSTM32F411xE -c -I../Core/Inc -I../Drivers/STM32F4xx_HAL_Driver/Inc -I../Drivers/STM32F4xx_HAL_Driver/Inc/Legacy -I../Drivers/CMSIS/Device/ST/STM32F4xx/Include -I../Drivers/CMSIS/Include -I../Middlewares/Third_Party/FreeRTOS/Source/include -I../Middlewares/Third_Party/FreeRTOS/Source/CMSIS_RTOS -I../Middlewares/Third_Party/FreeRTOS/Source/portable/GCC/ARM_CM4F -I"D:/Nam_4/KI_II/Thiet_ke_so_va_lap_trinh_nhung/FC_freeRtosv2/version2/TraceRecorderSource/include" -I"D:/Nam_4/KI_II/Thiet_ke_so_va_lap_trinh_nhung/FC_freeRtosv2/version2/TraceRecorderSource/config" -I"D:/Nam_4/KI_II/Thiet_ke_so_va_lap_trinh_nhung/FC_freeRtosv2/version2/TraceRecorderSource/kernelports/FreeRTOS/include" -I"D:/Nam_4/KI_II/Thiet_ke_so_va_lap_trinh_nhung/FC_freeRtosv2/version2/TraceRecorderSource/kernelports/FreeRTOS/config" -I"D:/Nam_4/KI_II/Thiet_ke_so_va_lap_trinh_nhung/FC_freeRtosv2/version2/TraceRecorderSource/streamports/RingBuffer/config" -I"D:/Nam_4/KI_II/Thiet_ke_so_va_lap_trinh_nhung/FC_freeRtosv2/version2/TraceRecorderSource/streamports/RingBuffer/include" -O0 -ffunction-sections -fdata-sections -Wall -fstack-usage -fcyclomatic-complexity -MMD -MP -MF"Drivers/STM32F4xx_HAL_Driver/Src/stm32f4xx_hal_tim.d" -MT"Drivers/STM32F4xx_HAL_Driver/Src/stm32f4xx_hal_tim.o" --specs=nano.specs -mfpu=fpv4-sp-d16 -mfloat-abi=hard -mthumb -o "Drivers/STM32F4xx_HAL_Driver/Src/stm32f4xx_hal_tim.o"
arm-none-eabi-gcc "../Drivers/STM32F4xx_HAL_Driver/Src/stm32f4xx_hal_tim_ex.c" -mcpu=cortex-m4 -std=gnu11 -g3 -DDEBUG -DUSE_HAL_DRIVER -DSTM32F411xE -c -I../Core/Inc -I../Drivers/STM32F4xx_HAL_Driver/Inc -I../Drivers/STM32F4xx_HAL_Driver/Inc/Legacy -I../Drivers/CMSIS/Device/ST/STM32F4xx/Include -I../Drivers/CMSIS/Include -I../Middlewares/Third_Party/FreeRTOS/Source/include -I../Middlewares/Third_Party/FreeRTOS/Source/CMSIS_RTOS -I../Middlewares/Third_Party/FreeRTOS/Source/portable/GCC/ARM_CM4F -I"D:/Nam_4/KI_II/Thiet_ke_so_va_lap_trinh_nhung/FC_freeRtosv2/version2/TraceRecorderSource/include" -I"D:/Nam_4/KI_II/Thiet_ke_so_va_lap_trinh_nhung/FC_freeRtosv2/version2/TraceRecorderSource/config" -I"D:/Nam_4/KI_II/Thiet_ke_so_va_lap_trinh_nhung/FC_freeRtosv2/version2/TraceRecorderSource/kernelports/FreeRTOS/include" -I"D:/Nam_4/KI_II/Thiet_ke_so_va_lap_trinh_nhung/FC_freeRtosv2/version2/TraceRecorderSource/kernelports/FreeRTOS/config" -I"D:/Nam_4/KI_II/Thiet_ke_so_va_lap_trinh_nhung/FC_freeRtosv2/version2/TraceRecorderSource/streamports/RingBuffer/config" -I"D:/Nam_4/KI_II/Thiet_ke_so_va_lap_trinh_nhung/FC_freeRtosv2/version2/TraceRecorderSource/streamports/RingBuffer/include" -O0 -ffunction-sections -fdata-sections -Wall -fstack-usage -fcyclomatic-complexity -MMD -MP -MF"Drivers/STM32F4xx_HAL_Driver/Src/stm32f4xx_hal_tim_ex.d" -MT"Drivers/STM32F4xx_HAL_Driver/Src/stm32f4xx_hal_tim_ex.o" --specs=nano.specs -mfpu=fpv4-sp-d16 -mfloat-abi=hard -mthumb -o "Drivers/STM32F4xx_HAL_Driver/Src/stm32f4xx_hal_tim_ex.o"
arm-none-eabi-gcc -mcpu=cortex-m4 -g3 -DDEBUG -c -I../Core/Inc -I../Drivers/STM32F4xx_HAL_Driver/Inc -I../Drivers/STM32F4xx_HAL_Driver/Inc/Legacy -I../Middlewares/Third_Party/FreeRTOS/Source/include -I../Middlewares/Third_Party/FreeRTOS/Source/CMSIS_RTOS -I../Middlewares/Third_Party/FreeRTOS/Source/portable/GCC/ARM_CM4F -I../Drivers/CMSIS/Device/ST/STM32F4xx/Include -I../Drivers/CMSIS/Include -x assembler-with-cpp -MMD -MP -MF"Core/Startup/startup_stm32f411ceux.d" -MT"Core/Startup/startup_stm32f411ceux.o" --specs=nano.specs -mfpu=fpv4-sp-d16 -mfloat-abi=hard -mthumb -o "Core/Startup/startup_stm32f411ceux.o" "../Core/Startup/startup_stm32f411ceux.s"
arm-none-eabi-gcc "../Core/Src/fc_kalman.c" -mcpu=cortex-m4 -std=gnu11 -g3 -DDEBUG -DUSE_HAL_DRIVER -DSTM32F411xE -c -I../Core/Inc -I../Drivers/STM32F4xx_HAL_Driver/Inc -I../Drivers/STM32F4xx_HAL_Driver/Inc/Legacy -I../Drivers/CMSIS/Device/ST/STM32F4xx/Include -I../Drivers/CMSIS/Include -I../Middlewares/Third_Party/FreeRTOS/Source/include -I../Middlewares/Third_Party/FreeRTOS/Source/CMSIS_RTOS -I../Middlewares/Third_Party/FreeRTOS/Source/portable/GCC/ARM_CM4F -I"D:/Nam_4/KI_II/Thiet_ke_so_va_lap_trinh_nhung/FC_freeRtosv2/version2/TraceRecorderSource/include" -I"D:/Nam_4/KI_II/Thiet_ke_so_va_lap_trinh_nhung/FC_freeRtosv2/version2/TraceRecorderSource/config" -I"D:/Nam_4/KI_II/Thiet_ke_so_va_lap_trinh_nhung/FC_freeRtosv2/version2/TraceRecorderSource/kernelports/FreeRTOS/include" -I"D:/Nam_4/KI_II/Thiet_ke_so_va_lap_trinh_nhung/FC_freeRtosv2/version2/TraceRecorderSource/kernelports/FreeRTOS/config" -I"D:/Nam_4/KI_II/Thiet_ke_so_va_lap_trinh_nhung/FC_freeRtosv2/version2/TraceRecorderSource/streamports/RingBuffer/config" -I"D:/Nam_4/KI_II/Thiet_ke_so_va_lap_trinh_nhung/FC_freeRtosv2/version2/TraceRecorderSource/streamports/RingBuffer/include" -O0 -ffunction-sections -fdata-sections -Wall -fstack-usage -fcyclomatic-complexity -MMD -MP -MF"Core/Src/fc_kalman.d" -MT"Core/Src/fc_kalman.o" --specs=nano.specs -mfpu=fpv4-sp-d16 -mfloat-abi=hard -mthumb -o "Core/Src/fc_kalman.o"
arm-none-eabi-gcc "../Core/Src/fc_motor.c" -mcpu=cortex-m4 -std=gnu11 -g3 -DDEBUG -DUSE_HAL_DRIVER -DSTM32F411xE -c -I../Core/Inc -I../Drivers/STM32F4xx_HAL_Driver/Inc -I../Drivers/STM32F4xx_HAL_Driver/Inc/Legacy -I../Drivers/CMSIS/Device/ST/STM32F4xx/Include -I../Drivers/CMSIS/Include -I../Middlewares/Third_Party/FreeRTOS/Source/include -I../Middlewares/Third_Party/FreeRTOS/Source/CMSIS_RTOS -I../Middlewares/Third_Party/FreeRTOS/Source/portable/GCC/ARM_CM4F -I"D:/Nam_4/KI_II/Thiet_ke_so_va_lap_trinh_nhung/FC_freeRtosv2/version2/TraceRecorderSource/include" -I"D:/Nam_4/KI_II/Thiet_ke_so_va_lap_trinh_nhung/FC_freeRtosv2/version2/TraceRecorderSource/config" -I"D:/Nam_4/KI_II/Thiet_ke_so_va_lap_trinh_nhung/FC_freeRtosv2/version2/TraceRecorderSource/kernelports/FreeRTOS/include" -I"D:/Nam_4/KI_II/Thiet_ke_so_va_lap_trinh_nhung/FC_freeRtosv2/version2/TraceRecorderSource/kernelports/FreeRTOS/config" -I"D:/Nam_4/KI_II/Thiet_ke_so_va_lap_trinh_nhung/FC_freeRtosv2/version2/TraceRecorderSource/streamports/RingBuffer/config" -I"D:/Nam_4/KI_II/Thiet_ke_so_va_lap_trinh_nhung/FC_freeRtosv2/version2/TraceRecorderSource/streamports/RingBuffer/include" -O0 -ffunction-sections -fdata-sections -Wall -fstack-usage -fcyclomatic-complexity -MMD -MP -MF"Core/Src/fc_motor.d" -MT"Core/Src/fc_motor.o" --specs=nano.specs -mfpu=fpv4-sp-d16 -mfloat-abi=hard -mthumb -o "Core/Src/fc_motor.o"
arm-none-eabi-gcc "../Core/Src/fc_mpu6050.c" -mcpu=cortex-m4 -std=gnu11 -g3 -DDEBUG -DUSE_HAL_DRIVER -DSTM32F411xE -c -I../Core/Inc -I../Drivers/STM32F4xx_HAL_Driver/Inc -I../Drivers/STM32F4xx_HAL_Driver/Inc/Legacy -I../Drivers/CMSIS/Device/ST/STM32F4xx/Include -I../Drivers/CMSIS/Include -I../Middlewares/Third_Party/FreeRTOS/Source/include -I../Middlewares/Third_Party/FreeRTOS/Source/CMSIS_RTOS -I../Middlewares/Third_Party/FreeRTOS/Source/portable/GCC/ARM_CM4F -I"D:/Nam_4/KI_II/Thiet_ke_so_va_lap_trinh_nhung/FC_freeRtosv2/version2/TraceRecorderSource/include" -I"D:/Nam_4/KI_II/Thiet_ke_so_va_lap_trinh_nhung/FC_freeRtosv2/version2/TraceRecorderSource/config" -I"D:/Nam_4/KI_II/Thiet_ke_so_va_lap_trinh_nhung/FC_freeRtosv2/version2/TraceRecorderSource/kernelports/FreeRTOS/include" -I"D:/Nam_4/KI_II/Thiet_ke_so_va_lap_trinh_nhung/FC_freeRtosv2/version2/TraceRecorderSource/kernelports/FreeRTOS/config" -I"D:/Nam_4/KI_II/Thiet_ke_so_va_lap_trinh_nhung/FC_freeRtosv2/version2/TraceRecorderSource/streamports/RingBuffer/config" -I"D:/Nam_4/KI_II/Thiet_ke_so_va_lap_trinh_nhung/FC_freeRtosv2/version2/TraceRecorderSource/streamports/RingBuffer/include" -O0 -ffunction-sections -fdata-sections -Wall -fstack-usage -fcyclomatic-complexity -MMD -MP -MF"Core/Src/fc_mpu6050.d" -MT"Core/Src/fc_mpu6050.o" --specs=nano.specs -mfpu=fpv4-sp-d16 -mfloat-abi=hard -mthumb -o "Core/Src/fc_mpu6050.o"
arm-none-eabi-gcc "../Core/Src/fc_pid.c" -mcpu=cortex-m4 -std=gnu11 -g3 -DDEBUG -DUSE_HAL_DRIVER -DSTM32F411xE -c -I../Core/Inc -I../Drivers/STM32F4xx_HAL_Driver/Inc -I../Drivers/STM32F4xx_HAL_Driver/Inc/Legacy -I../Drivers/CMSIS/Device/ST/STM32F4xx/Include -I../Drivers/CMSIS/Include -I../Middlewares/Third_Party/FreeRTOS/Source/include -I../Middlewares/Third_Party/FreeRTOS/Source/CMSIS_RTOS -I../Middlewares/Third_Party/FreeRTOS/Source/portable/GCC/ARM_CM4F -I"D:/Nam_4/KI_II/Thiet_ke_so_va_lap_trinh_nhung/FC_freeRtosv2/version2/TraceRecorderSource/include" -I"D:/Nam_4/KI_II/Thiet_ke_so_va_lap_trinh_nhung/FC_freeRtosv2/version2/TraceRecorderSource/config" -I"D:/Nam_4/KI_II/Thiet_ke_so_va_lap_trinh_nhung/FC_freeRtosv2/version2/TraceRecorderSource/kernelports/FreeRTOS/include" -I"D:/Nam_4/KI_II/Thiet_ke_so_va_lap_trinh_nhung/FC_freeRtosv2/version2/TraceRecorderSource/kernelports/FreeRTOS/config" -I"D:/Nam_4/KI_II/Thiet_ke_so_va_lap_trinh_nhung/FC_freeRtosv2/version2/TraceRecorderSource/streamports/RingBuffer/config" -I"D:/Nam_4/KI_II/Thiet_ke_so_va_lap_trinh_nhung/FC_freeRtosv2/version2/TraceRecorderSource/streamports/RingBuffer/include" -O0 -ffunction-sections -fdata-sections -Wall -fstack-usage -fcyclomatic-complexity -MMD -MP -MF"Core/Src/fc_pid.d" -MT"Core/Src/fc_pid.o" --specs=nano.specs -mfpu=fpv4-sp-d16 -mfloat-abi=hard -mthumb -o "Core/Src/fc_pid.o"
arm-none-eabi-gcc "../Core/Src/fc_rc.c" -mcpu=cortex-m4 -std=gnu11 -g3 -DDEBUG -DUSE_HAL_DRIVER -DSTM32F411xE -c -I../Core/Inc -I../Drivers/STM32F4xx_HAL_Driver/Inc -I../Drivers/STM32F4xx_HAL_Driver/Inc/Legacy -I../Drivers/CMSIS/Device/ST/STM32F4xx/Include -I../Drivers/CMSIS/Include -I../Middlewares/Third_Party/FreeRTOS/Source/include -I../Middlewares/Third_Party/FreeRTOS/Source/CMSIS_RTOS -I../Middlewares/Third_Party/FreeRTOS/Source/portable/GCC/ARM_CM4F -I"D:/Nam_4/KI_II/Thiet_ke_so_va_lap_trinh_nhung/FC_freeRtosv2/version2/TraceRecorderSource/include" -I"D:/Nam_4/KI_II/Thiet_ke_so_va_lap_trinh_nhung/FC_freeRtosv2/version2/TraceRecorderSource/config" -I"D:/Nam_4/KI_II/Thiet_ke_so_va_lap_trinh_nhung/FC_freeRtosv2/version2/TraceRecorderSource/kernelports/FreeRTOS/include" -I"D:/Nam_4/KI_II/Thiet_ke_so_va_lap_trinh_nhung/FC_freeRtosv2/version2/TraceRecorderSource/kernelports/FreeRTOS/config" -I"D:/Nam_4/KI_II/Thiet_ke_so_va_lap_trinh_nhung/FC_freeRtosv2/version2/TraceRecorderSource/streamports/RingBuffer/config" -I"D:/Nam_4/KI_II/Thiet_ke_so_va_lap_trinh_nhung/FC_freeRtosv2/version2/TraceRecorderSource/streamports/RingBuffer/include" -O0 -ffunction-sections -fdata-sections -Wall -fstack-usage -fcyclomatic-complexity -MMD -MP -MF"Core/Src/fc_rc.d" -MT"Core/Src/fc_rc.o" --specs=nano.specs -mfpu=fpv4-sp-d16 -mfloat-abi=hard -mthumb -o "Core/Src/fc_rc.o"
arm-none-eabi-gcc "../Core/Src/freertos.c" -mcpu=cortex-m4 -std=gnu11 -g3 -DDEBUG -DUSE_HAL_DRIVER -DSTM32F411xE -c -I../Core/Inc -I../Drivers/STM32F4xx_HAL_Driver/Inc -I../Drivers/STM32F4xx_HAL_Driver/Inc/Legacy -I../Drivers/CMSIS/Device/ST/STM32F4xx/Include -I../Drivers/CMSIS/Include -I../Middlewares/Third_Party/FreeRTOS/Source/include -I../Middlewares/Third_Party/FreeRTOS/Source/CMSIS_RTOS -I../Middlewares/Third_Party/FreeRTOS/Source/portable/GCC/ARM_CM4F -I"D:/Nam_4/KI_II/Thiet_ke_so_va_lap_trinh_nhung/FC_freeRtosv2/version2/TraceRecorderSource/include" -I"D:/Nam_4/KI_II/Thiet_ke_so_va_lap_trinh_nhung/FC_freeRtosv2/version2/TraceRecorderSource/config" -I"D:/Nam_4/KI_II/Thiet_ke_so_va_lap_trinh_nhung/FC_freeRtosv2/version2/TraceRecorderSource/kernelports/FreeRTOS/include" -I"D:/Nam_4/KI_II/Thiet_ke_so_va_lap_trinh_nhung/FC_freeRtosv2/version2/TraceRecorderSource/kernelports/FreeRTOS/config" -I"D:/Nam_4/KI_II/Thiet_ke_so_va_lap_trinh_nhung/FC_freeRtosv2/version2/TraceRecorderSource/streamports/RingBuffer/config" -I"D:/Nam_4/KI_II/Thiet_ke_so_va_lap_trinh_nhung/FC_freeRtosv2/version2/TraceRecorderSource/streamports/RingBuffer/include" -O0 -ffunction-sections -fdata-sections -Wall -fstack-usage -fcyclomatic-complexity -MMD -MP -MF"Core/Src/freertos.d" -MT"Core/Src/freertos.o" --specs=nano.specs -mfpu=fpv4-sp-d16 -mfloat-abi=hard -mthumb -o "Core/Src/freertos.o"
arm-none-eabi-gcc "../Core/Src/main.c" -mcpu=cortex-m4 -std=gnu11 -g3 -DDEBUG -DUSE_HAL_DRIVER -DSTM32F411xE -c -I../Core/Inc -I../Drivers/STM32F4xx_HAL_Driver/Inc -I../Drivers/STM32F4xx_HAL_Driver/Inc/Legacy -I../Drivers/CMSIS/Device/ST/STM32F4xx/Include -I../Drivers/CMSIS/Include -I../Middlewares/Third_Party/FreeRTOS/Source/include -I../Middlewares/Third_Party/FreeRTOS/Source/CMSIS_RTOS -I../Middlewares/Third_Party/FreeRTOS/Source/portable/GCC/ARM_CM4F -I"D:/Nam_4/KI_II/Thiet_ke_so_va_lap_trinh_nhung/FC_freeRtosv2/version2/TraceRecorderSource/include" -I"D:/Nam_4/KI_II/Thiet_ke_so_va_lap_trinh_nhung/FC_freeRtosv2/version2/TraceRecorderSource/config" -I"D:/Nam_4/KI_II/Thiet_ke_so_va_lap_trinh_nhung/FC_freeRtosv2/version2/TraceRecorderSource/kernelports/FreeRTOS/include" -I"D:/Nam_4/KI_II/Thiet_ke_so_va_lap_trinh_nhung/FC_freeRtosv2/version2/TraceRecorderSource/kernelports/FreeRTOS/config" -I"D:/Nam_4/KI_II/Thiet_ke_so_va_lap_trinh_nhung/FC_freeRtosv2/version2/TraceRecorderSource/streamports/RingBuffer/config" -I"D:/Nam_4/KI_II/Thiet_ke_so_va_lap_trinh_nhung/FC_freeRtosv2/version2/TraceRecorderSource/streamports/RingBuffer/include" -O0 -ffunction-sections -fdata-sections -Wall -fstack-usage -fcyclomatic-complexity -MMD -MP -MF"Core/Src/main.d" -MT"Core/Src/main.o" --specs=nano.specs -mfpu=fpv4-sp-d16 -mfloat-abi=hard -mthumb -o "Core/Src/main.o"
../Core/Src/fc_pid.c: In function 'FC_PID_Run_1ms':
../Core/Src/fc_pid.c:144:5: warning: this 'if' clause does not guard... [-Wmisleading-indentation]
  144 |     if (motor1 < 1050) motor1 = 1000; if (motor1 > 2000) motor1 = 2000;
      |     ^~
../Core/Src/fc_pid.c:144:39: note: ...this statement, but the latter is misleadingly indented as if it were guarded by the 'if'
  144 |     if (motor1 < 1050) motor1 = 1000; if (motor1 > 2000) motor1 = 2000;
      |                                       ^~
../Core/Src/fc_pid.c:145:5: warning: this 'if' clause does not guard... [-Wmisleading-indentation]
  145 |     if (motor2 < 1050) motor2 = 1000; if (motor2 > 2000) motor2 = 2000;
      |     ^~
../Core/Src/fc_pid.c:145:39: note: ...this statement, but the latter is misleadingly indented as if it were guarded by the 'if'
  145 |     if (motor2 < 1050) motor2 = 1000; if (motor2 > 2000) motor2 = 2000;
[...]
arm-none-eabi-gcc "../Middlewares/Third_Party/FreeRTOS/Source/queue.c" -mcpu=cortex-m4 -std=gnu11 -g3 -DDEBUG -DUSE_HAL_DRIVER -DSTM32F411xE -c -I../Core/Inc -I../Drivers/STM32F4xx_HAL_Driver/Inc -I../Drivers/STM32F4xx_HAL_Driver/Inc/Legacy -I../Drivers/CMSIS/Device/ST/STM32F4xx/Include -I../Drivers/CMSIS/Include -I../Middlewares/Third_Party/FreeRTOS/Source/include -I../Middlewares/Third_Party/FreeRTOS/Source/CMSIS_RTOS -I../Middlewares/Third_Party/FreeRTOS/Source/portable/GCC/ARM_CM4F -I"D:/Nam_4/KI_II/Thiet_ke_so_va_lap_trinh_nhung/FC_freeRtosv2/version2/TraceRecorderSource/include" -I"D:/Nam_4/KI_II/Thiet_ke_so_va_lap_trinh_nhung/FC_freeRtosv2/version2/TraceRecorderSource/config" -I"D:/Nam_4/KI_II/Thiet_ke_so_va_lap_trinh_nhung/FC_freeRtosv2/version2/TraceRecorderSource/kernelports/FreeRTOS/include" -I"D:/Nam_4/KI_II/Thiet_ke_so_va_lap_trinh_nhung/FC_freeRtosv2/version2/TraceRecorderSource/kernelports/FreeRTOS/config" -I"D:/Nam_4/KI_II/Thiet_ke_so_va_lap_trinh_nhung/FC_freeRtosv2/version2/TraceRecorderSource/streamports/RingBuffer/config" -I"D:/Nam_4/KI_II/Thiet_ke_so_va_lap_trinh_nhung/FC_freeRtosv2/version2/TraceRecorderSource/streamports/RingBuffer/include" -O0 -ffunction-sections -fdata-sections -Wall -fstack-usage -fcyclomatic-complexity -MMD -MP -MF"Middlewares/Third_Party/FreeRTOS/Source/queue.d" -MT"Middlewares/Third_Party/FreeRTOS/Source/queue.o" --specs=nano.specs -mfpu=fpv4-sp-d16 -mfloat-abi=hard -mthumb -o "Middlewares/Third_Party/FreeRTOS/Source/queue.o"
arm-none-eabi-gcc "../Middlewares/Third_Party/FreeRTOS/Source/stream_buffer.c" -mcpu=cortex-m4 -std=gnu11 -g3 -DDEBUG -DUSE_HAL_DRIVER -DSTM32F411xE -c -I../Core/Inc -I../Drivers/STM32F4xx_HAL_Driver/Inc -I../Drivers/STM32F4xx_HAL_Driver/Inc/Legacy -I../Drivers/CMSIS/Device/ST/STM32F4xx/Include -I../Drivers/CMSIS/Include -I../Middlewares/Third_Party/FreeRTOS/Source/include -I../Middlewares/Third_Party/FreeRTOS/Source/CMSIS_RTOS -I../Middlewares/Third_Party/FreeRTOS/Source/portable/GCC/ARM_CM4F -I"D:/Nam_4/KI_II/Thiet_ke_so_va_lap_trinh_nhung/FC_freeRtosv2/version2/TraceRecorderSource/include" -I"D:/Nam_4/KI_II/Thiet_ke_so_va_lap_trinh_nhung/FC_freeRtosv2/version2/TraceRecorderSource/config" -I"D:/Nam_4/KI_II/Thiet_ke_so_va_lap_trinh_nhung/FC_freeRtosv2/version2/TraceRecorderSource/kernelports/FreeRTOS/include" -I"D:/Nam_4/KI_II/Thiet_ke_so_va_lap_trinh_nhung/FC_freeRtosv2/version2/TraceRecorderSource/kernelports/FreeRTOS/config" -I"D:/Nam_4/KI_II/Thiet_ke_so_va_lap_trinh_nhung/FC_freeRtosv2/version2/TraceRecorderSource/streamports/RingBuffer/config" -I"D:/Nam_4/KI_II/Thiet_ke_so_va_lap_trinh_nhung/FC_freeRtosv2/version2/TraceRecorderSource/streamports/RingBuffer/include" -O0 -ffunction-sections -fdata-sections -Wall -fstack-usage -fcyclomatic-complexity -MMD -MP -MF"Middlewares/Third_Party/FreeRTOS/Source/stream_buffer.d" -MT"Middlewares/Third_Party/FreeRTOS/Source/stream_buffer.o" --specs=nano.specs -mfpu=fpv4-sp-d16 -mfloat-abi=hard -mthumb -o "Middlewares/Third_Party/FreeRTOS/Source/stream_buffer.o"
arm-none-eabi-gcc "../Middlewares/Third_Party/FreeRTOS/Source/tasks.c" -mcpu=cortex-m4 -std=gnu11 -g3 -DDEBUG -DUSE_HAL_DRIVER -DSTM32F411xE -c -I../Core/Inc -I../Drivers/STM32F4xx_HAL_Driver/Inc -I../Drivers/STM32F4xx_HAL_Driver/Inc/Legacy -I../Drivers/CMSIS/Device/ST/STM32F4xx/Include -I../Drivers/CMSIS/Include -I../Middlewares/Third_Party/FreeRTOS/Source/include -I../Middlewares/Third_Party/FreeRTOS/Source/CMSIS_RTOS -I../Middlewares/Third_Party/FreeRTOS/Source/portable/GCC/ARM_CM4F -I"D:/Nam_4/KI_II/Thiet_ke_so_va_lap_trinh_nhung/FC_freeRtosv2/version2/TraceRecorderSource/include" -I"D:/Nam_4/KI_II/Thiet_ke_so_va_lap_trinh_nhung/FC_freeRtosv2/version2/TraceRecorderSource/config" -I"D:/Nam_4/KI_II/Thiet_ke_so_va_lap_trinh_nhung/FC_freeRtosv2/version2/TraceRecorderSource/kernelports/FreeRTOS/include" -I"D:/Nam_4/KI_II/Thiet_ke_so_va_lap_trinh_nhung/FC_freeRtosv2/version2/TraceRecorderSource/kernelports/FreeRTOS/config" -I"D:/Nam_4/KI_II/Thiet_ke_so_va_lap_trinh_nhung/FC_freeRtosv2/version2/TraceRecorderSource/streamports/RingBuffer/config" -I"D:/Nam_4/KI_II/Thiet_ke_so_va_lap_trinh_nhung/FC_freeRtosv2/version2/TraceRecorderSource/streamports/RingBuffer/include" -O0 -ffunction-sections -fdata-sections -Wall -fstack-usage -fcyclomatic-complexity -MMD -MP -MF"Middlewares/Third_Party/FreeRTOS/Source/tasks.d" -MT"Middlewares/Third_Party/FreeRTOS/Source/tasks.o" --specs=nano.specs -mfpu=fpv4-sp-d16 -mfloat-abi=hard -mthumb -o "Middlewares/Third_Party/FreeRTOS/Source/tasks.o"
arm-none-eabi-gcc "../Middlewares/Third_Party/FreeRTOS/Source/timers.c" -mcpu=cortex-m4 -std=gnu11 -g3 -DDEBUG -DUSE_HAL_DRIVER -DSTM32F411xE -c -I../Core/Inc -I../Drivers/STM32F4xx_HAL_Driver/Inc -I../Drivers/STM32F4xx_HAL_Driver/Inc/Legacy -I../Drivers/CMSIS/Device/ST/STM32F4xx/Include -I../Drivers/CMSIS/Include -I../Middlewares/Third_Party/FreeRTOS/Source/include -I../Middlewares/Third_Party/FreeRTOS/Source/CMSIS_RTOS -I../Middlewares/Third_Party/FreeRTOS/Source/portable/GCC/ARM_CM4F -I"D:/Nam_4/KI_II/Thiet_ke_so_va_lap_trinh_nhung/FC_freeRtosv2/version2/TraceRecorderSource/include" -I"D:/Nam_4/KI_II/Thiet_ke_so_va_lap_trinh_nhung/FC_freeRtosv2/version2/TraceRecorderSource/config" -I"D:/Nam_4/KI_II/Thiet_ke_so_va_lap_trinh_nhung/FC_freeRtosv2/version2/TraceRecorderSource/kernelports/FreeRTOS/include" -I"D:/Nam_4/KI_II/Thiet_ke_so_va_lap_trinh_nhung/FC_freeRtosv2/version2/TraceRecorderSource/kernelports/FreeRTOS/config" -I"D:/Nam_4/KI_II/Thiet_ke_so_va_lap_trinh_nhung/FC_freeRtosv2/version2/TraceRecorderSource/streamports/RingBuffer/config" -I"D:/Nam_4/KI_II/Thiet_ke_so_va_lap_trinh_nhung/FC_freeRtosv2/version2/TraceRecorderSource/streamports/RingBuffer/include" -O0 -ffunction-sections -fdata-sections -Wall -fstack-usage -fcyclomatic-complexity -MMD -MP -MF"Middlewares/Third_Party/FreeRTOS/Source/timers.d" -MT"Middlewares/Third_Party/FreeRTOS/Source/timers.o" --specs=nano.specs -mfpu=fpv4-sp-d16 -mfloat-abi=hard -mthumb -o "Middlewares/Third_Party/FreeRTOS/Source/timers.o"
arm-none-eabi-gcc "../Core/Src/fc_mpu6050.c" -mcpu=cortex-m4 -std=gnu11 -g3 -DDEBUG -DUSE_HAL_DRIVER -DSTM32F411xE -c -I../Core/Inc -I../Drivers/STM32F4xx_HAL_Driver/Inc -I../Drivers/STM32F4xx_HAL_Driver/Inc/Legacy -I../Drivers/CMSIS/Device/ST/STM32F4xx/Include -I../Drivers/CMSIS/Include -I../Middlewares/Third_Party/FreeRTOS/Source/include -I../Middlewares/Third_Party/FreeRTOS/Source/CMSIS_RTOS -I../Middlewares/Third_Party/FreeRTOS/Source/portable/GCC/ARM_CM4F -I"D:/Nam_4/KI_II/Thiet_ke_so_va_lap_trinh_nhung/FC_freeRtosv2/version2/TraceRecorderSource/include" -I"D:/Nam_4/KI_II/Thiet_ke_so_va_lap_trinh_nhung/FC_freeRtosv2/version2/TraceRecorderSource/config" -I"D:/Nam_4/KI_II/Thiet_ke_so_va_lap_trinh_nhung/FC_freeRtosv2/version2/TraceRecorderSource/kernelports/FreeRTOS/include" -I"D:/Nam_4/KI_II/Thiet_ke_so_va_lap_trinh_nhung/FC_freeRtosv2/version2/TraceRecorderSource/kernelports/FreeRTOS/config" -I"D:/Nam_4/KI_II/Thiet_ke_so_va_lap_trinh_nhung/FC_freeRtosv2/version2/TraceRecorderSource/streamports/RingBuffer/config" -I"D:/Nam_4/KI_II/Thiet_ke_so_va_lap_trinh_nhung/FC_freeRtosv2/version2/TraceRecorderSource/streamports/RingBuffer/include" -O0 -ffunction-sections -fdata-sections -Wall -fstack-usage -fcyclomatic-complexity -MMD -MP -MF"Core/Src/fc_mpu6050.d" -MT"Core/Src/fc_mpu6050.o" --specs=nano.specs -mfpu=fpv4-sp-d16 -mfloat-abi=hard -mthumb -o "Core/Src/fc_mpu6050.o"
arm-none-eabi-gcc "../Core/Src/freertos.c" -mcpu=cortex-m4 -std=gnu11 -g3 -DDEBUG -DUSE_HAL_DRIVER -DSTM32F411xE -c -I../Core/Inc -I../Drivers/STM32F4xx_HAL_Driver/Inc -I../Drivers/STM32F4xx_HAL_Driver/Inc/Legacy -I../Drivers/CMSIS/Device/ST/STM32F4xx/Include -I../Drivers/CMSIS/Include -I../Middlewares/Third_Party/FreeRTOS/Source/include -I../Middlewares/Third_Party/FreeRTOS/Source/CMSIS_RTOS -I../Middlewares/Third_Party/FreeRTOS/Source/portable/GCC/ARM_CM4F -I"D:/Nam_4/KI_II/Thiet_ke_so_va_lap_trinh_nhung/FC_freeRtosv2/version2/TraceRecorderSource/include" -I"D:/Nam_4/KI_II/Thiet_ke_so_va_lap_trinh_nhung/FC_freeRtosv2/version2/TraceRecorderSource/config" -I"D:/Nam_4/KI_II/Thiet_ke_so_va_lap_trinh_nhung/FC_freeRtosv2/version2/TraceRecorderSource/kernelports/FreeRTOS/include" -I"D:/Nam_4/KI_II/Thiet_ke_so_va_lap_trinh_nhung/FC_freeRtosv2/version2/TraceRecorderSource/kernelports/FreeRTOS/config" -I"D:/Nam_4/KI_II/Thiet_ke_so_va_lap_trinh_nhung/FC_freeRtosv2/version2/TraceRecorderSource/streamports/RingBuffer/config" -I"D:/Nam_4/KI_II/Thiet_ke_so_va_lap_trinh_nhung/FC_freeRtosv2/version2/TraceRecorderSource/streamports/RingBuffer/include" -O0 -ffunction-sections -fdata-sections -Wall -fstack-usage -fcyclomatic-complexity -MMD -MP -MF"Core/Src/freertos.d" -MT"Core/Src/freertos.o" --specs=nano.specs -mfpu=fpv4-sp-d16 -mfloat-abi=hard -mthumb -o "Core/Src/freertos.o"
arm-none-eabi-gcc "../Core/Src/main.c" -mcpu=cortex-m4 -std=gnu11 -g3 -DDEBUG -DUSE_HAL_DRIVER -DSTM32F411xE -c -I../Core/Inc -I../Drivers/STM32F4xx_HAL_Driver/Inc -I../Drivers/STM32F4xx_HAL_Driver/Inc/Legacy -I../Drivers/CMSIS/Device/ST/STM32F4xx/Include -I../Drivers/CMSIS/Include -I../Middlewares/Third_Party/FreeRTOS/Source/include -I../Middlewares/Third_Party/FreeRTOS/Source/CMSIS_RTOS -I../Middlewares/Third_Party/FreeRTOS/Source/portable/GCC/ARM_CM4F -I"D:/Nam_4/KI_II/Thiet_ke_so_va_lap_trinh_nhung/FC_freeRtosv2/version2/TraceRecorderSource/include" -I"D:/Nam_4/KI_II/Thiet_ke_so_va_lap_trinh_nhung/FC_freeRtosv2/version2/TraceRecorderSource/config" -I"D:/Nam_4/KI_II/Thiet_ke_so_va_lap_trinh_nhung/FC_freeRtosv2/version2/TraceRecorderSource/kernelports/FreeRTOS/include" -I"D:/Nam_4/KI_II/Thiet_ke_so_va_lap_trinh_nhung/FC_freeRtosv2/version2/TraceRecorderSource/kernelports/FreeRTOS/config" -I"D:/Nam_4/KI_II/Thiet_ke_so_va_lap_trinh_nhung/FC_freeRtosv2/version2/TraceRecorderSource/streamports/RingBuffer/config" -I"D:/Nam_4/KI_II/Thiet_ke_so_va_lap_trinh_nhung/FC_freeRtosv2/version2/TraceRecorderSource/streamports/RingBuffer/include" -O0 -ffunction-sections -fdata-sections -Wall -fstack-usage -fcyclomatic-complexity -MMD -MP -MF"Core/Src/main.d" -MT"Core/Src/main.o" --specs=nano.specs -mfpu=fpv4-sp-d16 -mfloat-abi=hard -mthumb -o "Core/Src/main.o"
arm-none-eabi-gcc -o "version2.elf" @"objects.list"   -mcpu=cortex-m4 -T"D:\Nam_4\KI_II\Thiet_ke_so_va_lap_trinh_nhung\FC_freeRtosv2\version2\STM32F411CEUX_FLASH.ld" --specs=nosys.specs -Wl,-Map="version2.map" -Wl,--gc-sections -static --specs=nano.specs -mfpu=fpv4-sp-d16 -mfloat-abi=hard -mthumb -Wl,--start-group -lc -lm -Wl,--end-group
Finished building target: version2.elf
 
arm-none-eabi-size  version2.elf 
arm-none-eabi-objdump -h -S version2.elf  > "version2.list"
   text	   data	    bss	    dec	    hex	filename
  54168	    104	  34184	  88456	  15988	version2.elf
Finished building: default.size.stdout
 
Finished building: version2.list
 
20:55:53 **** Incremental Build of configuration Debug for project version2 ****
make -j12 all 
arm-none-eabi-gcc "../Core/Src/main.c" -mcpu=cortex-m4 -std=gnu11 -g3 -DDEBUG -DUSE_HAL_DRIVER -DSTM32F411xE -c -I../Core/Inc -I../Drivers/STM32F4xx_HAL_Driver/Inc -I../Drivers/STM32F4xx_HAL_Driver/Inc/Legacy -I../Drivers/CMSIS/Device/ST/STM32F4xx/Include -I../Drivers/CMSIS/Include -I../Middlewares/Third_Party/FreeRTOS/Source/include -I../Middlewares/Third_Party/FreeRTOS/Source/CMSIS_RTOS -I../Middlewares/Third_Party/FreeRTOS/Source/portable/GCC/ARM_CM4F -I"D:/Nam_4/KI_II/Thiet_ke_so_va_lap_trinh_nhung/FC_freeRtosv2/version2/TraceRecorderSource/include" -I"D:/Nam_4/KI_II/Thiet_ke_so_va_lap_trinh_nhung/FC_freeRtosv2/version2/TraceRecorderSource/config" -I"D:/Nam_4/KI_II/Thiet_ke_so_va_lap_trinh_nhung/FC_freeRtosv2/version2/TraceRecorderSource/kernelports/FreeRTOS/include" -I"D:/Nam_4/KI_II/Thiet_ke_so_va_lap_trinh_nhung/FC_freeRtosv2/version2/TraceRecorderSource/kernelports/FreeRTOS/config" -I"D:/Nam_4/KI_II/Thiet_ke_so_va_lap_trinh_nhung/FC_freeRtosv2/version2/TraceRecorderSource/streamports/RingBuffer/config" -I"D:/Nam_4/KI_II/Thiet_ke_so_va_lap_trinh_nhung/FC_freeRtosv2/version2/TraceRecorderSource/streamports/RingBuffer/include" -O0 -ffunction-sections -fdata-sections -Wall -fstack-usage -fcyclomatic-complexity -MMD -MP -MF"Core/Src/main.d" -MT"Core/Src/main.o" --specs=nano.specs -mfpu=fpv4-sp-d16 -mfloat-abi=hard -mthumb -o "Core/Src/main.o"
arm-none-eabi-gcc -o "version2.elf" @"objects.list"   -mcpu=cortex-m4 -T"D:\Nam_4\KI_II\Thiet_ke_so_va_lap_trinh_nhung\FC_freeRtosv2\version2\STM32F411CEUX_FLASH.ld" --specs=nosys.specs -Wl,-Map="version2.map" -Wl,--gc-sections -static --specs=nano.specs -mfpu=fpv4-sp-d16 -mfloat-abi=hard -mthumb -Wl,--start-group -lc -lm -Wl,--end-group
Finished building target: version2.elf
 
arm-none-eabi-size  version2.elf 
arm-none-eabi-objdump -h -S version2.elf  > "version2.list"
   text	   data	    bss	    dec	    hex	filename
  54168	    104	  34184	  88456	  15988	version2.elf
Finished building: default.size.stdout
 
Finished building: version2.list
 
20:59:13 **** Incremental Build of configuration Debug for project version2 ****
make -j12 all 
arm-none-eabi-gcc "../Core/Src/main.c" -mcpu=cortex-m4 -std=gnu11 -g3 -DDEBUG -DUSE_HAL_DRIVER -DSTM32F411xE -c -I../Core/Inc -I../Drivers/STM32F4xx_HAL_Driver/Inc -I../Drivers/STM32F4xx_HAL_Driver/Inc/Legacy -I../Drivers/CMSIS/Device/ST/STM32F4xx/Include -I../Drivers/CMSIS/Include -I../Middlewares/Third_Party/FreeRTOS/Source/include -I../Middlewares/Third_Party/FreeRTOS/Source/CMSIS_RTOS -I../Middlewares/Third_Party/FreeRTOS/Source/portable/GCC/ARM_CM4F -I"D:/Nam_4/KI_II/Thiet_ke_so_va_lap_trinh_nhung/FC_freeRtosv2/version2/TraceRecorderSource/include" -I"D:/Nam_4/KI_II/Thiet_ke_so_va_lap_trinh_nhung/FC_freeRtosv2/version2/TraceRecorderSource/config" -I"D:/Nam_4/KI_II/Thiet_ke_so_va_lap_trinh_nhung/FC_freeRtosv2/version2/TraceRecorderSource/kernelports/FreeRTOS/include" -I"D:/Nam_4/KI_II/Thiet_ke_so_va_lap_trinh_nhung/FC_freeRtosv2/version2/TraceRecorderSource/kernelports/FreeRTOS/config" -I"D:/Nam_4/KI_II/Thiet_ke_so_va_lap_trinh_nhung/FC_freeRtosv2/version2/TraceRecorderSource/streamports/RingBuffer/config" -I"D:/Nam_4/KI_II/Thiet_ke_so_va_lap_trinh_nhung/FC_freeRtosv2/version2/TraceRecorderSource/streamports/RingBuffer/include" -O0 -ffunction-sections -fdata-sections -Wall -fstack-usage -fcyclomatic-complexity -MMD -MP -MF"Core/Src/main.d" -MT"Core/Src/main.o" --specs=nano.specs -mfpu=fpv4-sp-d16 -mfloat-abi=hard -mthumb -o "Core/Src/main.o"
arm-none-eabi-gcc -o "version2.elf" @"objects.list"   -mcpu=cortex-m4 -T"D:\Nam_4\KI_II\Thiet_ke_so_va_lap_trinh_nhung\FC_freeRtosv2\version2\STM32F411CEUX_FLASH.ld" --specs=nosys.specs -Wl,-Map="version2.map" -Wl,--gc-sections -static --specs=nano.specs -mfpu=fpv4-sp-d16 -mfloat-abi=hard -mthumb -Wl,--start-group -lc -lm -Wl,--end-group
Finished building target: version2.elf
 
arm-none-eabi-size  version2.elf 
arm-none-eabi-objdump -h -S version2.elf  > "version2.list"
   text	   data	    bss	    dec	    hex	filename
  54168	    104	  34184	  88456	  15988	version2.elf
Finished building: default.size.stdout
 
Finished building: version2.list
 
20:59:25 **** Incremental Build of configuration Debug for project version2 ****
make -j12 all 
arm-none-eabi-size  version2.elf 
   text	   data	    bss	    dec	    hex	filename
  54168	    104	  34184	  88456	  15988	version2.elf
Finished building: default.size.stdout
 
21:05:32 **** Incremental Build of configuration Debug for project version2 ****
make -j12 all 
arm-none-eabi-size  version2.elf 
   text	   data	    bss	    dec	    hex	filename
  54168	    104	  34184	  88456	  15988	version2.elf
Finished building: default.size.stdout
 
21:05:52 **** Incremental Build of configuration Debug for project version2 ****
make -j12 all 
arm-none-eabi-size  version2.elf 
   text	   data	    bss	    dec	    hex	filename
  54168	    104	  34184	  88456	  15988	version2.elf
Finished building: default.size.stdout
 
21:06:15 **** Incremental Build of configuration Debug for project version2 ****
make -j12 all 
arm-none-eabi-size  version2.elf 
   text	   data	    bss	    dec	    hex	filename
  54168	    104	  34184	  88456	  15988	version2.elf
Finished building: default.size.stdout
 
21:06:37 **** Incremental Build of configuration Debug for project version2 ****
make -j12 all 
arm-none-eabi-size  version2.elf 
   text	   data	    bss	    dec	    hex	filename
  54168	    104	  34184	  88456	  15988	version2.elf
Finished building: default.size.stdout
 
21:06:53 **** Incremental Build of configuration Debug for project version2 ****
make -j12 all 
arm-none-eabi-size  version2.elf 
   text	   data	    bss	    dec	    hex	filename
  54168	    104	  34184	  88456	  15988	version2.elf
Finished building: default.size.stdout
 
21:07:09 **** Incremental Build of configuration Debug for project version2 ****
make -j12 all 
arm-none-eabi-size  version2.elf 
   text	   data	    bss	    dec	    hex	filename
  54168	    104	  34184	  88456	  15988	version2.elf
Finished building: default.size.stdout
 
21:19:54 **** Incremental Build of configuration Debug for project version2 ****
make -j12 all 
arm-none-eabi-gcc "../Core/Src/main.c" -mcpu=cortex-m4 -std=gnu11 -g3 -DDEBUG -DUSE_HAL_DRIVER -DSTM32F411xE -c -I../Core/Inc -I../Drivers/STM32F4xx_HAL_Driver/Inc -I../Drivers/STM32F4xx_HAL_Driver/Inc/Legacy -I../Drivers/CMSIS/Device/ST/STM32F4xx/Include -I../Drivers/CMSIS/Include -I../Middlewares/Third_Party/FreeRTOS/Source/include -I../Middlewares/Third_Party/FreeRTOS/Source/CMSIS_RTOS -I../Middlewares/Third_Party/FreeRTOS/Source/portable/GCC/ARM_CM4F -I"D:/Nam_4/KI_II/Thiet_ke_so_va_lap_trinh_nhung/FC_freeRtosv2/version2/TraceRecorderSource/include" -I"D:/Nam_4/KI_II/Thiet_ke_so_va_lap_trinh_nhung/FC_freeRtosv2/version2/TraceRecorderSource/config" -I"D:/Nam_4/KI_II/Thiet_ke_so_va_lap_trinh_nhung/FC_freeRtosv2/version2/TraceRecorderSource/kernelports/FreeRTOS/include" -I"D:/Nam_4/KI_II/Thiet_ke_so_va_lap_trinh_nhung/FC_freeRtosv2/version2/TraceRecorderSource/kernelports/FreeRTOS/config" -I"D:/Nam_4/KI_II/Thiet_ke_so_va_lap_trinh_nhung/FC_freeRtosv2/version2/TraceRecorderSource/streamports/RingBuffer/config" -I"D:/Nam_4/KI_II/Thiet_ke_so_va_lap_trinh_nhung/FC_freeRtosv2/version2/TraceRecorderSource/streamports/RingBuffer/include" -O0 -ffunction-sections -fdata-sections -Wall -fstack-usage -fcyclomatic-complexity -MMD -MP -MF"Core/Src/main.d" -MT"Core/Src/main.o" --specs=nano.specs -mfpu=fpv4-sp-d16 -mfloat-abi=hard -mthumb -o "Core/Src/main.o"
arm-none-eabi-gcc -o "version2.elf" @"objects.list"   -mcpu=cortex-m4 -T"D:\Nam_4\KI_II\Thiet_ke_so_va_lap_trinh_nhung\FC_freeRtosv2\version2\STM32F411CEUX_FLASH.ld" --specs=nosys.specs -Wl,-Map="version2.map" -Wl,--gc-sections -static --specs=nano.specs -mfpu=fpv4-sp-d16 -mfloat-abi=hard -mthumb -Wl,--start-group -lc -lm -Wl,--end-group
Finished building target: version2.elf
 
arm-none-eabi-size  version2.elf 
arm-none-eabi-objdump -h -S version2.elf  > "version2.list"
   text	   data	    bss	    dec	    hex	filename
  54168	    104	  34184	  88456	  15988	version2.elf
Finished building: default.size.stdout
 
Finished building: version2.list
 
21:29:29 **** Incremental Build of configuration Debug for project version2 ****
make -j12 all 
arm-none-eabi-size  version2.elf 
   text	   data	    bss	    dec	    hex	filename
  54168	    104	  34184	  88456	  15988	version2.elf
Finished building: default.size.stdout
 
09:57:34 **** Incremental Build of configuration Debug for project version2 ****
make -j12 all 
arm-none-eabi-size  version2.elf 
   text	   data	    bss	    dec	    hex	filename
  54168	    104	  34184	  88456	  15988	version2.elf
Finished building: default.size.stdout
 
